\BOOKMARK [0][-]{chapter.1}{\376\377\000I\000N\000T\000R\000O\000D\000U\000C\000T\000I\000O\000N\000\040\000A\000N\000D\000\040\000L\000I\000T\000E\000R\000A\000T\000U\000R\000E\000\040\000R\000E\000V\000I\000E\000W}{}% 1
\BOOKMARK [1][-]{section.1.1}{\376\377\000M\000o\000t\000i\000v\000a\000t\000i\000o\000n}{chapter.1}% 2
\BOOKMARK [2][-]{subsection.1.1.1}{\376\377\000T\000h\000e\000\040\000S\000u\000r\000v\000e\000i\000l\000l\000a\000n\000c\000e\000\040\000G\000a\000p}{section.1.1}% 3
\BOOKMARK [2][-]{subsection.1.1.2}{\376\377\000H\000u\000m\000a\000n\000\040\000v\000s\000.\000\040\000M\000a\000c\000h\000i\000n\000e\000\040\000P\000e\000r\000c\000e\000p\000t\000i\000o\000n}{section.1.1}% 4
\BOOKMARK [2][-]{subsection.1.1.3}{\376\377\000T\000h\000e\000\040\000F\000o\000r\000e\000n\000s\000i\000c\000\040\000R\000e\000a\000l\000i\000t\000y\000:\000\040\000P\000h\000o\000t\000o\000n\000\040\000S\000t\000a\000r\000v\000a\000t\000i\000o\000n\000\040\000a\000n\000d\000\040\000S\000e\000n\000s\000o\000r\000\040\000T\000h\000e\000r\000m\000a\000l\000\040\000N\000o\000i\000s\000e}{section.1.1}% 5
\BOOKMARK [1][-]{section.1.2}{\376\377\000R\000e\000a\000l\000-\000W\000o\000r\000l\000d\000\040\000R\000e\000l\000e\000v\000a\000n\000c\000e\000\040\000a\000n\000d\000\040\000A\000p\000p\000l\000i\000c\000a\000t\000i\000o\000n\000s}{chapter.1}% 6
\BOOKMARK [1][-]{section.1.3}{\376\377\000C\000h\000a\000l\000l\000e\000n\000g\000e\000s\000\040\000i\000n\000\040\000L\000o\000w\000-\000L\000i\000g\000h\000t\000\040\000F\000a\000c\000e\000\040\000S\000u\000p\000e\000r\000-\000R\000e\000s\000o\000l\000u\000t\000i\000o\000n}{chapter.1}% 7
\BOOKMARK [2][-]{subsection.1.3.1}{\376\377\000I\000l\000l\000u\000m\000i\000n\000a\000t\000i\000o\000n\000\040\000U\000n\000c\000e\000r\000t\000a\000i\000n\000t\000y}{section.1.3}% 8
\BOOKMARK [2][-]{subsection.1.3.2}{\376\377\000C\000o\000m\000p\000o\000u\000n\000d\000\040\000D\000e\000g\000r\000a\000d\000a\000t\000i\000o\000n\000\040\000P\000i\000p\000e\000l\000i\000n\000e}{section.1.3}% 9
\BOOKMARK [2][-]{subsection.1.3.3}{\376\377\000I\000d\000e\000n\000t\000i\000t\000y\000\040\000P\000r\000e\000s\000e\000r\000v\000a\000t\000i\000o\000n\000\040\000a\000n\000d\000\040\000H\000a\000l\000l\000u\000c\000i\000n\000a\000t\000i\000o\000n}{section.1.3}% 10
\BOOKMARK [1][-]{section.1.4}{\376\377\000L\000i\000t\000e\000r\000a\000t\000u\000r\000e\000\040\000S\000u\000r\000v\000e\000y\000\040\000a\000n\000d\000\040\000R\000e\000s\000e\000a\000r\000c\000h\000\040\000E\000v\000o\000l\000u\000t\000i\000o\000n}{chapter.1}% 11
\BOOKMARK [2][-]{subsection.1.4.1}{\376\377\000T\000h\000e\000\040\000P\000r\000e\000-\000D\000e\000e\000p\000\040\000L\000e\000a\000r\000n\000i\000n\000g\000\040\000E\000r\000a\000:\000\040\000F\000r\000o\000m\000\040\000B\000i\000l\000i\000n\000e\000a\000r\000\040\000t\000o\000\040\000S\000p\000a\000r\000s\000e\000\040\000C\000o\000d\000i\000n\000g}{section.1.4}% 12
\BOOKMARK [2][-]{subsection.1.4.2}{\376\377\000T\000h\000e\000\040\000C\000N\000N\000\040\000R\000e\000v\000o\000l\000u\000t\000i\000o\000n\000:\000\040\000L\000e\000a\000r\000n\000i\000n\000g\000\040\000E\000n\000d\000-\000t\000o\000-\000E\000n\000d\000\040\000M\000a\000p\000p\000i\000n\000g\000s}{section.1.4}% 13
\BOOKMARK [2][-]{subsection.1.4.3}{\376\377\000G\000e\000n\000e\000r\000a\000t\000i\000v\000e\000\040\000F\000a\000c\000i\000a\000l\000\040\000P\000r\000i\000o\000r\000s\000\040\000a\000n\000d\000\040\000t\000h\000e\000\040\000I\000d\000e\000n\000t\000i\000t\000y\000\040\000D\000r\000i\000f\000t\000\040\000P\000a\000r\000a\000d\000o\000x}{section.1.4}% 14
\BOOKMARK [2][-]{subsection.1.4.4}{\376\377\000A\000d\000d\000i\000t\000i\000v\000e\000\040\000A\000n\000g\000u\000l\000a\000r\000\040\000M\000a\000r\000g\000i\000n\000\040\000L\000o\000s\000s\000:\000\040\000M\000a\000t\000h\000e\000m\000a\000t\000i\000c\000a\000l\000\040\000I\000n\000t\000u\000i\000t\000i\000o\000n}{section.1.4}% 15
\BOOKMARK [2][-]{subsection.1.4.5}{\376\377\000A\000d\000d\000i\000t\000i\000v\000e\000\040\000A\000n\000g\000u\000l\000a\000r\000\040\000M\000a\000r\000g\000i\000n\000\040\000L\000o\000s\000s}{section.1.4}% 16
\BOOKMARK [2][-]{subsection.1.4.6}{\376\377\000A\000r\000c\000F\000a\000c\000e\000\040\000a\000s\000\040\000a\000\040\000G\000e\000o\000m\000e\000t\000r\000i\000c\000\040\000S\000e\000n\000t\000i\000n\000e\000l}{section.1.4}% 17
\BOOKMARK [2][-]{subsection.1.4.7}{\376\377\000D\000e\000e\000p\000\040\000L\000e\000a\000r\000n\000i\000n\000g\000\040\000a\000n\000d\000\040\000C\000N\000N\000-\000b\000a\000s\000e\000d\000\040\000A\000p\000p\000r\000o\000a\000c\000h\000e\000s}{section.1.4}% 18
\BOOKMARK [2][-]{subsection.1.4.8}{\376\377\000G\000A\000N\000s\000\040\000a\000n\000d\000\040\000G\000e\000n\000e\000r\000a\000t\000i\000v\000e\000\040\000F\000a\000c\000i\000a\000l\000\040\000P\000r\000i\000o\000r\000s}{section.1.4}% 19
\BOOKMARK [2][-]{subsection.1.4.9}{\376\377\000T\000r\000a\000n\000s\000f\000o\000r\000m\000e\000r\000-\000b\000a\000s\000e\000d\000\040\000R\000e\000s\000t\000o\000r\000a\000t\000i\000o\000n}{section.1.4}% 20
\BOOKMARK [2][-]{subsection.1.4.10}{\376\377\000N\000e\000u\000r\000o\000-\000F\000u\000z\000z\000y\000\040\000S\000y\000s\000t\000e\000m\000s\000\040\000i\000n\000\040\000I\000m\000a\000g\000e\000\040\000P\000r\000o\000c\000e\000s\000s\000i\000n\000g}{section.1.4}% 21
\BOOKMARK [2][-]{subsection.1.4.11}{\376\377\000S\000t\000a\000t\000e\000-\000o\000f\000-\000t\000h\000e\000-\000A\000r\000t\000\040\000F\000a\000c\000e\000\040\000R\000e\000s\000t\000o\000r\000a\000t\000i\000o\000n\000\040\000M\000o\000d\000e\000l\000s}{section.1.4}% 22
\BOOKMARK [1][-]{section.1.5}{\376\377\000S\000u\000m\000m\000a\000r\000y\000\040\000o\000f\000\040\000L\000i\000t\000e\000r\000a\000t\000u\000r\000e\000\040\000a\000n\000d\000\040\000R\000e\000s\000e\000a\000r\000c\000h\000\040\000P\000o\000s\000i\000t\000i\000o\000n\000i\000n\000g}{chapter.1}% 23
\BOOKMARK [2][-]{subsection.1.5.1}{\376\377\000C\000o\000m\000p\000r\000e\000h\000e\000n\000s\000i\000v\000e\000\040\000L\000i\000t\000e\000r\000a\000t\000u\000r\000e\000\040\000R\000e\000v\000i\000e\000w\000\040\000T\000a\000b\000l\000e}{section.1.5}% 24
\BOOKMARK [2][-]{subsection.1.5.2}{\376\377\000R\000e\000s\000e\000a\000r\000c\000h\000\040\000G\000a\000p\000\040\000I\000d\000e\000n\000t\000i\000f\000i\000c\000a\000t\000i\000o\000n}{section.1.5}% 25
\BOOKMARK [1][-]{section.1.6}{\376\377\000P\000r\000o\000b\000l\000e\000m\000\040\000S\000t\000a\000t\000e\000m\000e\000n\000t\000\040\000a\000n\000d\000\040\000R\000e\000s\000e\000a\000r\000c\000h\000\040\000Q\000u\000e\000s\000t\000i\000o\000n\000s}{chapter.1}% 26
\BOOKMARK [2][-]{subsection.1.6.1}{\376\377\000R\000e\000s\000e\000a\000r\000c\000h\000\040\000Q\000u\000e\000s\000t\000i\000o\000n\000s\000\040\000\050\000R\000Q\000\051}{section.1.6}% 27
\BOOKMARK [1][-]{section.1.7}{\376\377\000P\000r\000o\000j\000e\000c\000t\000\040\000S\000c\000o\000p\000e\000\040\000a\000n\000d\000\040\000B\000o\000u\000n\000d\000r\000i\000e\000s}{chapter.1}% 28
\BOOKMARK [1][-]{section.1.8}{\376\377\000E\000t\000h\000i\000c\000a\000l\000\040\000C\000o\000n\000s\000i\000d\000e\000r\000a\000t\000i\000o\000n\000s\000\040\000a\000n\000d\000\040\000P\000r\000i\000v\000a\000c\000y}{chapter.1}% 29
\BOOKMARK [2][-]{subsection.1.8.1}{\376\377\000C\000o\000n\000s\000e\000n\000t\000\040\000a\000n\000d\000\040\000D\000a\000t\000a\000\040\000P\000r\000i\000v\000a\000c\000y}{section.1.8}% 30
\BOOKMARK [2][-]{subsection.1.8.2}{\376\377\000M\000i\000t\000i\000g\000a\000t\000i\000n\000g\000\040\000B\000i\000a\000s\000\040\000a\000n\000d\000\040\000F\000a\000i\000r\000n\000e\000s\000s}{section.1.8}% 31
\BOOKMARK [1][-]{section.1.9}{\376\377\000E\000v\000o\000l\000u\000t\000i\000o\000n\000\040\000o\000f\000\040\000A\000t\000t\000e\000n\000t\000i\000o\000n\000\040\000M\000e\000c\000h\000a\000n\000i\000s\000m\000s\000\040\000i\000n\000\040\000C\000o\000m\000p\000u\000t\000e\000r\000\040\000V\000i\000s\000i\000o\000n}{chapter.1}% 32
\BOOKMARK [2][-]{subsection.1.9.1}{\376\377\000C\000h\000a\000n\000n\000e\000l\000\040\000A\000t\000t\000e\000n\000t\000i\000o\000n\000\040\000a\000n\000d\000\040\000S\000q\000u\000e\000e\000z\000e\000-\000a\000n\000d\000-\000E\000x\000c\000i\000t\000a\000t\000i\000o\000n}{section.1.9}% 33
\BOOKMARK [2][-]{subsection.1.9.2}{\376\377\000S\000p\000a\000t\000i\000a\000l\000\040\000A\000t\000t\000e\000n\000t\000i\000o\000n\000\040\000a\000n\000d\000\040\000N\000o\000n\000-\000L\000o\000c\000a\000l\000\040\000N\000e\000t\000w\000o\000r\000k\000s}{section.1.9}% 34
\BOOKMARK [2][-]{subsection.1.9.3}{\376\377\000S\000h\000i\000f\000t\000e\000d\000-\000W\000i\000n\000d\000o\000w\000\040\000A\000t\000t\000e\000n\000t\000i\000o\000n\000\040\000\050\000S\000w\000i\000n\000\051}{section.1.9}% 35
\BOOKMARK [1][-]{section.1.10}{\376\377\000H\000i\000s\000t\000o\000r\000i\000c\000a\000l\000\040\000O\000v\000e\000r\000v\000i\000e\000w\000\040\000o\000f\000\040\000F\000u\000z\000z\000y\000\040\000L\000o\000g\000i\000c\000\040\000i\000n\000\040\000I\000m\000a\000g\000e\000\040\000P\000r\000o\000c\000e\000s\000s\000i\000n\000g}{chapter.1}% 36
\BOOKMARK [2][-]{subsection.1.10.1}{\376\377\000E\000a\000r\000l\000y\000\040\000F\000u\000z\000z\000y\000\040\000F\000i\000l\000t\000e\000r\000i\000n\000g}{section.1.10}% 37
\BOOKMARK [2][-]{subsection.1.10.2}{\376\377\000E\000m\000e\000r\000g\000e\000n\000c\000e\000\040\000o\000f\000\040\000N\000e\000u\000r\000o\000-\000F\000u\000z\000z\000y\000\040\000S\000y\000s\000t\000e\000m\000s}{section.1.10}% 38
\BOOKMARK [2][-]{subsection.1.10.3}{\376\377\000F\000u\000z\000z\000y\000\040\000L\000o\000g\000i\000c\000\040\000i\000n\000\040\000t\000h\000e\000\040\000D\000e\000e\000p\000\040\000L\000e\000a\000r\000n\000i\000n\000g\000\040\000E\000r\000a}{section.1.10}% 39
\BOOKMARK [1][-]{section.1.11}{\376\377\000E\000v\000o\000l\000u\000t\000i\000o\000n\000\040\000o\000f\000\040\000I\000m\000a\000g\000e\000\040\000Q\000u\000a\000l\000i\000t\000y\000\040\000A\000s\000s\000e\000s\000s\000m\000e\000n\000t\000\040\000\050\000I\000Q\000A\000\051\000\040\000M\000e\000t\000r\000i\000c\000s}{chapter.1}% 40
\BOOKMARK [2][-]{subsection.1.11.1}{\376\377\000P\000i\000x\000e\000l\000-\000B\000a\000s\000e\000d\000\040\000M\000e\000t\000r\000i\000c\000s\000:\000\040\000P\000S\000N\000R\000\040\000a\000n\000d\000\040\000M\000S\000E}{section.1.11}% 41
\BOOKMARK [2][-]{subsection.1.11.2}{\376\377\000S\000t\000r\000u\000c\000t\000u\000r\000a\000l\000\040\000M\000e\000t\000r\000i\000c\000s\000:\000\040\000S\000S\000I\000M}{section.1.11}% 42
\BOOKMARK [2][-]{subsection.1.11.3}{\376\377\000D\000e\000e\000p\000\040\000P\000e\000r\000c\000e\000p\000t\000u\000a\000l\000\040\000M\000e\000t\000r\000i\000c\000s\000:\000\040\000L\000P\000I\000P\000S}{section.1.11}% 43
\BOOKMARK [1][-]{section.1.12}{\376\377\000O\000r\000g\000a\000n\000i\000z\000a\000t\000i\000o\000n\000\040\000o\000f\000\040\000T\000h\000e\000s\000i\000s}{chapter.1}% 44
\BOOKMARK [0][-]{chapter.2}{\376\377\000M\000A\000T\000H\000E\000M\000A\000T\000I\000C\000A\000L\000\040\000M\000O\000D\000E\000L\000I\000N\000G\000\040\000A\000N\000D\000\040\000M\000E\000T\000H\000O\000D\000S}{}% 45
\BOOKMARK [1][-]{section.2.1}{\376\377\000I\000n\000t\000r\000o\000d\000u\000c\000t\000i\000o\000n}{chapter.2}% 46
\BOOKMARK [2][-]{subsection.2.1.1}{\376\377\000T\000h\000e\000\040\000E\000v\000o\000l\000u\000t\000i\000o\000n\000\040\000o\000f\000\040\000t\000h\000e\000\040\000A\000N\000F\000I\000S\000-\000S\000w\000i\000n\000\040\000H\000y\000b\000r\000i\000d}{section.2.1}% 47
\BOOKMARK [2][-]{subsection.2.1.2}{\376\377\000R\000e\000j\000e\000c\000t\000e\000d\000\040\000A\000r\000c\000h\000i\000t\000e\000c\000t\000u\000r\000a\000l\000\040\000A\000l\000t\000e\000r\000n\000a\000t\000i\000v\000e\000s\000\040\000a\000n\000d\000\040\000L\000e\000s\000s\000o\000n\000s\000\040\000L\000e\000a\000r\000n\000e\000d}{section.2.1}% 48
\BOOKMARK [1][-]{section.2.2}{\376\377\000D\000a\000t\000a\000\040\000P\000r\000e\000p\000r\000o\000c\000e\000s\000s\000i\000n\000g\000\040\000a\000n\000d\000\040\000F\000e\000a\000t\000u\000r\000e\000\040\000E\000x\000t\000r\000a\000c\000t\000i\000o\000n}{chapter.2}% 49
\BOOKMARK [2][-]{subsection.2.2.1}{\376\377\000S\000t\000a\000t\000i\000s\000t\000i\000c\000a\000l\000\040\000F\000e\000a\000t\000u\000r\000e\000\040\000E\000x\000t\000r\000a\000c\000t\000i\000o\000n\000\040\000f\000o\000r\000\040\000A\000N\000F\000I\000S}{section.2.2}% 50
\BOOKMARK [2][-]{subsection.2.2.2}{\376\377\000D\000e\000g\000r\000a\000d\000a\000t\000i\000o\000n\000\040\000A\000n\000a\000l\000y\000s\000i\000s\000\040\000a\000n\000d\000\040\000M\000a\000n\000i\000f\000o\000l\000d\000\040\000V\000i\000s\000u\000a\000l\000i\000z\000a\000t\000i\000o\000n}{section.2.2}% 51
\BOOKMARK [2][-]{subsection.2.2.3}{\376\377\000S\000y\000n\000t\000h\000e\000t\000i\000c\000\040\000D\000e\000g\000r\000a\000d\000a\000t\000i\000o\000n\000\040\000P\000i\000p\000e\000l\000i\000n\000e}{section.2.2}% 52
\BOOKMARK [1][-]{section.2.3}{\376\377\000B\000a\000s\000e\000l\000i\000n\000e\000\040\000M\000o\000d\000e\000l\000\040\000S\000e\000l\000e\000c\000t\000i\000o\000n\000\040\000a\000n\000d\000\040\000R\000a\000t\000i\000o\000n\000a\000l\000e}{chapter.2}% 53
\BOOKMARK [2][-]{subsection.2.3.1}{\376\377\000S\000R\000C\000N\000N\000:\000\040\000C\000o\000n\000v\000o\000l\000u\000t\000i\000o\000n\000a\000l\000\040\000S\000u\000p\000e\000r\000-\000R\000e\000s\000o\000l\000u\000t\000i\000o\000n}{section.2.3}% 54
\BOOKMARK [2][-]{subsection.2.3.2}{\376\377\000Z\000e\000r\000o\000-\000D\000C\000E\000:\000\040\000I\000l\000l\000u\000m\000i\000n\000a\000t\000i\000o\000n\000\040\000B\000e\000n\000c\000h\000m\000a\000r\000k\000i\000n\000g}{section.2.3}% 55
\BOOKMARK [2][-]{subsection.2.3.3}{\376\377\000C\000o\000d\000e\000F\000o\000r\000m\000e\000r\000:\000\040\000S\000t\000r\000u\000c\000t\000u\000r\000a\000l\000\040\000S\000O\000T\000A}{section.2.3}% 56
\BOOKMARK [1][-]{section.2.4}{\376\377\000A\000d\000a\000p\000t\000i\000v\000e\000\040\000N\000e\000u\000r\000o\000-\000F\000u\000z\000z\000y\000\040\000I\000n\000f\000e\000r\000e\000n\000c\000e\000\040\000S\000y\000s\000t\000e\000m\000\040\000\050\000A\000N\000F\000I\000S\000\051}{chapter.2}% 57
\BOOKMARK [2][-]{subsection.2.4.1}{\376\377\000L\000a\000y\000e\000r\000\040\0001\000:\000\040\000F\000u\000z\000z\000i\000f\000i\000c\000a\000t\000i\000o\000n}{section.2.4}% 58
\BOOKMARK [2][-]{subsection.2.4.2}{\376\377\000L\000a\000y\000e\000r\000\040\0002\000:\000\040\000R\000u\000l\000e\000\040\000F\000i\000r\000i\000n\000g\000\040\000S\000t\000r\000e\000n\000g\000t\000h}{section.2.4}% 59
\BOOKMARK [2][-]{subsection.2.4.3}{\376\377\000L\000a\000y\000e\000r\000\040\0003\000:\000\040\000N\000o\000r\000m\000a\000l\000i\000z\000a\000t\000i\000o\000n}{section.2.4}% 60
\BOOKMARK [2][-]{subsection.2.4.4}{\376\377\000L\000a\000y\000e\000r\000\040\0004\000:\000\040\000C\000o\000n\000s\000e\000q\000u\000e\000n\000t\000\040\000L\000a\000y\000e\000r}{section.2.4}% 61
\BOOKMARK [2][-]{subsection.2.4.5}{\376\377\000D\000e\000f\000u\000z\000z\000i\000f\000i\000c\000a\000t\000i\000o\000n\000\040\000a\000n\000d\000\040\000R\000u\000l\000e\000\040\000V\000i\000s\000u\000a\000l\000i\000z\000a\000t\000i\000o\000n}{section.2.4}% 62
\BOOKMARK [2][-]{subsection.2.4.6}{\376\377\000P\000r\000e\000m\000i\000s\000e\000\040\000P\000a\000r\000a\000m\000e\000t\000e\000r\000\040\000O\000p\000t\000i\000m\000i\000z\000a\000t\000i\000o\000n\000\040\000v\000i\000a\000\040\000G\000r\000a\000d\000i\000e\000n\000t\000\040\000D\000e\000s\000c\000e\000n\000t}{section.2.4}% 63
\BOOKMARK [2][-]{subsection.2.4.7}{\376\377\000C\000o\000n\000s\000e\000q\000u\000e\000n\000t\000\040\000P\000a\000r\000a\000m\000e\000t\000e\000r\000\040\000O\000p\000t\000i\000m\000i\000z\000a\000t\000i\000o\000n\000\040\000v\000i\000a\000\040\000R\000e\000c\000u\000r\000s\000i\000v\000e\000\040\000L\000e\000a\000s\000t\000\040\000S\000q\000u\000a\000r\000e\000s\000\040\000\050\000R\000L\000S\000\051}{section.2.4}% 64
\BOOKMARK [1][-]{section.2.5}{\376\377\000L\000o\000c\000a\000l\000i\000t\000y\000\040\000C\000o\000n\000s\000t\000r\000a\000i\000n\000e\000d\000\040\000R\000e\000p\000r\000e\000s\000e\000n\000t\000a\000t\000i\000o\000n\000\040\000\050\000L\000C\000R\000\051}{chapter.2}% 65
\BOOKMARK [2][-]{subsection.2.5.1}{\376\377\000L\000C\000R\000\040\000E\000n\000c\000o\000d\000i\000n\000g}{section.2.5}% 66
\BOOKMARK [1][-]{section.2.6}{\376\377\000S\000y\000s\000t\000e\000m\000\040\000H\000y\000p\000e\000r\000p\000a\000r\000a\000m\000e\000t\000e\000r\000s\000\040\000a\000n\000d\000\040\000C\000o\000n\000f\000i\000g\000u\000r\000a\000t\000i\000o\000n}{chapter.2}% 67
\BOOKMARK [1][-]{section.2.7}{\376\377\000A\000l\000g\000o\000r\000i\000t\000h\000m\000\040\000C\000o\000m\000p\000l\000e\000x\000i\000t\000y\000\040\000A\000n\000a\000l\000y\000s\000i\000s}{chapter.2}% 68
\BOOKMARK [2][-]{subsection.2.7.1}{\376\377\000T\000i\000m\000e\000\040\000C\000o\000m\000p\000l\000e\000x\000i\000t\000y}{section.2.7}% 69
\BOOKMARK [2][-]{subsection.2.7.2}{\376\377\000S\000p\000a\000c\000e\000\040\000C\000o\000m\000p\000l\000e\000x\000i\000t\000y}{section.2.7}% 70
\BOOKMARK [1][-]{section.2.8}{\376\377\000I\000d\000e\000n\000t\000i\000t\000y\000\040\000P\000r\000e\000s\000e\000r\000v\000a\000t\000i\000o\000n\000\040\000T\000h\000e\000o\000r\000y\000:\000\040\000T\000h\000e\000\040\000R\000o\000l\000e\000\040\000o\000f\000\040\000A\000r\000c\000F\000a\000c\000e}{chapter.2}% 71
\BOOKMARK [2][-]{subsection.2.8.1}{\376\377\000A\000d\000d\000i\000t\000i\000v\000e\000\040\000A\000n\000g\000u\000l\000a\000r\000\040\000M\000a\000r\000g\000i\000n\000\040\000L\000o\000s\000s}{section.2.8}% 72
\BOOKMARK [2][-]{subsection.2.8.2}{\376\377\000A\000r\000c\000F\000a\000c\000e\000\040\000a\000s\000\040\000a\000\040\000G\000e\000o\000m\000e\000t\000r\000i\000c\000\040\000S\000e\000n\000t\000i\000n\000e\000l}{section.2.8}% 73
\BOOKMARK [1][-]{section.2.9}{\376\377\000C\000o\000m\000p\000l\000e\000x\000i\000t\000y\000\040\000a\000n\000d\000\040\000C\000o\000n\000v\000e\000r\000g\000e\000n\000c\000e\000\040\000A\000n\000a\000l\000y\000s\000i\000s}{chapter.2}% 74
\BOOKMARK [1][-]{section.2.10}{\376\377\000T\000r\000a\000i\000n\000i\000n\000g\000\040\000P\000r\000o\000c\000e\000d\000u\000r\000e\000\040\000a\000n\000d\000\040\000E\000x\000e\000c\000u\000t\000i\000o\000n\000\040\000L\000o\000o\000p}{chapter.2}% 75
\BOOKMARK [2][-]{subsection.2.10.1}{\376\377\000A\000d\000d\000r\000e\000s\000s\000i\000n\000g\000\040\000T\000r\000a\000i\000n\000i\000n\000g\000\040\000D\000i\000v\000e\000r\000g\000e\000n\000c\000e\000\040\000i\000n\000\040\000M\000u\000l\000t\000i\000-\000L\000o\000s\000s\000\040\000O\000p\000t\000i\000m\000i\000z\000a\000t\000i\000o\000n}{section.2.10}% 76
\BOOKMARK [1][-]{section.2.11}{\376\377\000M\000e\000m\000b\000e\000r\000s\000h\000i\000p\000\040\000F\000u\000n\000c\000t\000i\000o\000n\000\040\000D\000e\000s\000i\000g\000n\000\040\000a\000n\000d\000\040\000S\000e\000n\000s\000i\000t\000i\000v\000i\000t\000y\000\040\000A\000n\000a\000l\000y\000s\000i\000s}{chapter.2}% 77
\BOOKMARK [2][-]{subsection.2.11.1}{\376\377\000G\000a\000u\000s\000s\000i\000a\000n\000\040\000v\000s\000.\000\040\000T\000r\000i\000a\000n\000g\000u\000l\000a\000r\000\040\000M\000e\000m\000b\000e\000r\000s\000h\000i\000p\000\040\000F\000u\000n\000c\000t\000i\000o\000n\000s}{section.2.11}% 78
\BOOKMARK [2][-]{subsection.2.11.2}{\376\377\000I\000m\000p\000a\000c\000t\000\040\000o\000f\000\040\000M\000F\000\040\000O\000v\000e\000r\000l\000a\000p}{section.2.11}% 79
\BOOKMARK [1][-]{section.2.12}{\376\377\000R\000e\000c\000u\000r\000s\000i\000v\000e\000\040\000L\000e\000a\000s\000t\000\040\000S\000q\000u\000a\000r\000e\000s\000\040\000\050\000R\000L\000S\000\051\000\040\000C\000o\000n\000v\000e\000r\000g\000e\000n\000c\000e\000\040\000P\000r\000o\000p\000e\000r\000t\000i\000e\000s}{chapter.2}% 80
\BOOKMARK [2][-]{subsection.2.12.1}{\376\377\000A\000n\000a\000l\000y\000t\000i\000c\000\040\000S\000o\000l\000u\000t\000i\000o\000n\000\040\000v\000s\000.\000\040\000I\000t\000e\000r\000a\000t\000i\000v\000e\000\040\000S\000e\000a\000r\000c\000h}{section.2.12}% 81
\BOOKMARK [1][-]{section.2.13}{\376\377\000T\000r\000a\000n\000s\000f\000o\000r\000m\000e\000r\000-\000b\000a\000s\000e\000d\000\040\000F\000e\000a\000t\000u\000r\000e\000\040\000R\000e\000f\000i\000n\000e\000m\000e\000n\000t}{chapter.2}% 82
\BOOKMARK [2][-]{subsection.2.13.1}{\376\377\000W\000i\000n\000d\000o\000w\000-\000b\000a\000s\000e\000d\000\040\000S\000e\000l\000f\000-\000A\000t\000t\000e\000n\000t\000i\000o\000n}{section.2.13}% 83
\BOOKMARK [2][-]{subsection.2.13.2}{\376\377\000S\000h\000i\000f\000t\000e\000d\000\040\000W\000i\000n\000d\000o\000w\000\040\000P\000a\000r\000t\000i\000t\000i\000o\000n\000i\000n\000g}{section.2.13}% 84
\BOOKMARK [2][-]{subsection.2.13.3}{\376\377\000S\000w\000i\000n\000I\000R\000\040\000f\000o\000r\000\040\000S\000u\000p\000e\000r\000-\000R\000e\000s\000o\000l\000u\000t\000i\000o\000n}{section.2.13}% 85
\BOOKMARK [2][-]{subsection.2.13.4}{\376\377\000A\000d\000a\000p\000t\000i\000v\000e\000\040\000L\000o\000c\000a\000l\000i\000t\000y\000\040\000S\000e\000l\000e\000c\000t\000i\000o\000n\000\040\000L\000o\000g\000i\000c}{section.2.13}% 86
\BOOKMARK [2][-]{subsection.2.13.5}{\376\377\000S\000i\000g\000n\000a\000l\000-\000D\000e\000p\000e\000n\000d\000e\000n\000t\000\040\000B\000a\000n\000d\000w\000i\000d\000t\000h\000\040\000M\000o\000d\000u\000l\000a\000t\000i\000o\000n}{section.2.13}% 87
\BOOKMARK [2][-]{subsection.2.13.6}{\376\377\000W\000e\000i\000g\000h\000t\000e\000d\000\040\000D\000i\000c\000t\000i\000o\000n\000a\000r\000y\000\040\000S\000a\000m\000p\000l\000i\000n\000g}{section.2.13}% 88
\BOOKMARK [2][-]{subsection.2.13.7}{\376\377\000A\000N\000F\000I\000S\000-\000G\000u\000i\000d\000e\000d\000\040\000R\000e\000w\000e\000i\000g\000h\000t\000i\000n\000g}{section.2.13}% 89
\BOOKMARK [1][-]{section.2.14}{\376\377\000S\000w\000i\000n\000F\000u\000z\000z\000y\000L\000C\000R\000\040\000R\000e\000f\000i\000n\000e\000m\000e\000n\000t\000\040\000N\000e\000t\000w\000o\000r\000k}{chapter.2}% 90
\BOOKMARK [2][-]{subsection.2.14.1}{\376\377\000S\000p\000a\000t\000i\000a\000l\000\040\000F\000e\000a\000t\000u\000r\000e\000\040\000T\000r\000a\000n\000s\000f\000o\000r\000m\000\040\000\050\000S\000F\000T\000\051}{section.2.14}% 91
\BOOKMARK [2][-]{subsection.2.14.2}{\376\377\000C\000o\000n\000v\000o\000l\000u\000t\000i\000o\000n\000a\000l\000\040\000B\000l\000o\000c\000k\000\040\000A\000t\000t\000e\000n\000t\000i\000o\000n\000\040\000M\000o\000d\000u\000l\000e\000\040\000\050\000C\000B\000A\000M\000\051}{section.2.14}% 92
\BOOKMARK [2][-]{subsection.2.14.3}{\376\377\000W\000a\000v\000e\000l\000e\000t\000-\000F\000r\000e\000q\000u\000e\000n\000c\000y\000\040\000F\000u\000s\000i\000o\000n\000\040\000f\000o\000r\000\040\000T\000e\000x\000t\000u\000r\000e\000\040\000R\000e\000c\000o\000v\000e\000r\000y}{section.2.14}% 93
\BOOKMARK [1][-]{section.2.15}{\376\377\000I\000d\000e\000n\000t\000i\000t\000y\000\040\000P\000r\000e\000s\000e\000r\000v\000a\000t\000i\000o\000n\000\040\000v\000i\000a\000\040\000A\000r\000c\000F\000a\000c\000e\000\040\000S\000e\000n\000t\000i\000n\000e\000l}{chapter.2}% 94
\BOOKMARK [2][-]{subsection.2.15.1}{\376\377\000A\000r\000c\000F\000a\000c\000e\000\040\000E\000m\000b\000e\000d\000d\000i\000n\000g\000\040\000S\000p\000a\000c\000e}{section.2.15}% 95
\BOOKMARK [2][-]{subsection.2.15.2}{\376\377\000I\000d\000e\000n\000t\000i\000t\000y\000\040\000L\000o\000s\000s\000\040\000F\000o\000r\000m\000u\000l\000a\000t\000i\000o\000n}{section.2.15}% 96
\BOOKMARK [1][-]{section.2.16}{\376\377\000L\000o\000s\000s\000\040\000F\000u\000n\000c\000t\000i\000o\000n\000s}{chapter.2}% 97
\BOOKMARK [1][-]{section.2.17}{\376\377\000S\000y\000s\000t\000e\000m\000\040\000A\000r\000c\000h\000i\000t\000e\000c\000t\000u\000r\000e}{chapter.2}% 98
\BOOKMARK [2][-]{subsection.2.17.1}{\376\377\000D\000a\000t\000a\000\040\000I\000n\000g\000e\000s\000t\000i\000o\000n\000\040\000a\000n\000d\000\040\000P\000r\000e\000p\000r\000o\000c\000e\000s\000s\000i\000n\000g\000\040\000L\000a\000y\000e\000r}{section.2.17}% 99
\BOOKMARK [2][-]{subsection.2.17.2}{\376\377\000T\000h\000e\000\040\000S\000u\000p\000e\000r\000v\000i\000s\000e\000d\000\040\000R\000e\000s\000t\000o\000r\000a\000t\000i\000o\000n\000\040\000L\000a\000y\000e\000r\000\040\000\050\000T\000h\000e\000\040\000W\000o\000r\000k\000e\000r\000\051}{section.2.17}% 100
\BOOKMARK [2][-]{subsection.2.17.3}{\376\377\000T\000h\000e\000\040\000A\000N\000F\000I\000S\000\040\000M\000e\000t\000a\000-\000C\000o\000n\000t\000r\000o\000l\000l\000e\000r\000\040\000L\000a\000y\000e\000r\000\040\000\050\000T\000h\000e\000\040\000M\000a\000n\000a\000g\000e\000r\000\051}{section.2.17}% 101
\BOOKMARK [2][-]{subsection.2.17.4}{\376\377\000T\000h\000e\000\040\000A\000d\000a\000p\000t\000a\000t\000i\000o\000n\000\040\000a\000n\000d\000\040\000F\000e\000e\000d\000b\000a\000c\000k\000\040\000L\000o\000o\000p}{section.2.17}% 102
\BOOKMARK [1][-]{section.2.18}{\376\377\000M\000o\000d\000u\000l\000e\000\040\000I\000n\000t\000e\000r\000a\000c\000t\000i\000o\000n\000\040\000a\000n\000d\000\040\000I\000n\000f\000o\000r\000m\000a\000t\000i\000o\000n\000\040\000F\000l\000o\000w}{chapter.2}% 103
\BOOKMARK [0][-]{chapter.3}{\376\377\000R\000E\000S\000U\000L\000T\000S\000\040\000A\000N\000D\000\040\000D\000I\000S\000C\000U\000S\000S\000I\000O\000N}{}% 104
\BOOKMARK [1][-]{section.3.1}{\376\377\000E\000x\000p\000e\000r\000i\000m\000e\000n\000t\000a\000l\000\040\000S\000e\000t\000u\000p}{chapter.3}% 105
\BOOKMARK [2][-]{subsection.3.1.1}{\376\377\000H\000a\000r\000d\000w\000a\000r\000e\000\040\000a\000n\000d\000\040\000S\000o\000f\000t\000w\000a\000r\000e\000\040\000E\000n\000v\000i\000r\000o\000n\000m\000e\000n\000t}{section.3.1}% 106
\BOOKMARK [2][-]{subsection.3.1.2}{\376\377\000T\000r\000a\000i\000n\000i\000n\000g\000\040\000P\000r\000o\000t\000o\000c\000o\000l}{section.3.1}% 107
\BOOKMARK [1][-]{section.3.2}{\376\377\000D\000a\000t\000a\000s\000e\000t\000\040\000C\000h\000a\000r\000a\000c\000t\000e\000r\000i\000z\000a\000t\000i\000o\000n\000\040\000a\000n\000d\000\040\000S\000t\000a\000t\000i\000s\000t\000i\000c\000a\000l\000\040\000P\000r\000o\000f\000i\000l\000e}{chapter.3}% 108
\BOOKMARK [2][-]{subsection.3.2.1}{\376\377\000C\000e\000l\000e\000b\000A\000-\000H\000Q\000\040\000S\000t\000a\000t\000i\000s\000t\000i\000c\000a\000l\000\040\000D\000i\000s\000t\000r\000i\000b\000u\000t\000i\000o\000n}{section.3.2}% 109
\BOOKMARK [2][-]{subsection.3.2.2}{\376\377\000D\000e\000g\000r\000a\000d\000a\000t\000i\000o\000n\000\040\000T\000a\000x\000o\000n\000o\000m\000y}{section.3.2}% 110
\BOOKMARK [1][-]{section.3.3}{\376\377\000S\000t\000a\000t\000i\000c\000\040\000B\000a\000s\000e\000l\000i\000n\000e\000\040\000P\000e\000r\000f\000o\000r\000m\000a\000n\000c\000e\000\040\000A\000n\000a\000l\000y\000s\000i\000s}{chapter.3}% 111
\BOOKMARK [2][-]{subsection.3.3.1}{\376\377\000I\000m\000p\000a\000c\000t\000\040\000o\000f\000\040\000F\000i\000x\000e\000d\000\040\000I\000l\000l\000u\000m\000i\000n\000a\000t\000i\000o\000n\000\040\000E\000n\000h\000a\000n\000c\000e\000m\000e\000n\000t}{section.3.3}% 112
\BOOKMARK [2][-]{subsection.3.3.2}{\376\377\000C\000o\000m\000p\000a\000r\000a\000t\000i\000v\000e\000\040\000A\000n\000a\000l\000y\000s\000i\000s}{section.3.3}% 113
\BOOKMARK [2][-]{subsection.3.3.3}{\376\377\000M\000e\000t\000r\000i\000c\000\040\000I\000n\000t\000e\000r\000p\000r\000e\000t\000a\000t\000i\000o\000n}{section.3.3}% 114
\BOOKMARK [1][-]{section.3.4}{\376\377\000Q\000u\000a\000l\000i\000t\000a\000t\000i\000v\000e\000\040\000A\000n\000a\000l\000y\000s\000i\000s}{chapter.3}% 115
\BOOKMARK [2][-]{subsection.3.4.1}{\376\377\000V\000i\000s\000u\000a\000l\000\040\000R\000e\000c\000o\000n\000s\000t\000r\000u\000c\000t\000i\000o\000n\000\040\000P\000e\000r\000f\000o\000r\000m\000a\000n\000c\000e}{section.3.4}% 116
\BOOKMARK [2][-]{subsection.3.4.2}{\376\377\000I\000l\000l\000u\000m\000i\000n\000a\000t\000i\000o\000n\000-\000A\000w\000a\000r\000e\000\040\000H\000e\000a\000t\000m\000a\000p\000\040\000A\000n\000a\000l\000y\000s\000i\000s}{section.3.4}% 117
\BOOKMARK [2][-]{subsection.3.4.3}{\376\377\000R\000e\000s\000i\000l\000i\000e\000n\000c\000e\000\040\000t\000o\000\040\000S\000e\000n\000s\000o\000r\000\040\000N\000o\000i\000s\000e}{section.3.4}% 118
\BOOKMARK [2][-]{subsection.3.4.4}{\376\377\000I\000n\000t\000e\000r\000m\000e\000d\000i\000a\000t\000e\000\040\000P\000i\000p\000e\000l\000i\000n\000e\000\040\000V\000i\000s\000u\000a\000l\000i\000z\000a\000t\000i\000o\000n}{section.3.4}% 119
\BOOKMARK [1][-]{section.3.5}{\376\377\000I\000l\000l\000u\000m\000i\000n\000a\000t\000i\000o\000n\000\040\000C\000l\000a\000s\000s\000i\000f\000i\000c\000a\000t\000i\000o\000n\000\040\000P\000e\000r\000f\000o\000r\000m\000a\000n\000c\000e}{chapter.3}% 120
\BOOKMARK [1][-]{section.3.6}{\376\377\000C\000o\000m\000p\000u\000t\000a\000t\000i\000o\000n\000a\000l\000\040\000E\000f\000f\000i\000c\000i\000e\000n\000c\000y\000\040\000a\000n\000d\000\040\000I\000n\000f\000e\000r\000e\000n\000c\000e\000\040\000L\000a\000t\000e\000n\000c\000y}{chapter.3}% 121
\BOOKMARK [1][-]{section.3.7}{\376\377\000H\000u\000m\000a\000n\000\040\000P\000e\000r\000c\000e\000p\000t\000i\000o\000n\000\040\000v\000s\000.\000\040\000M\000a\000c\000h\000i\000n\000e\000\040\000M\000e\000t\000r\000i\000c\000s\000:\000\040\000A\000\040\000D\000i\000s\000c\000u\000s\000s\000i\000o\000n}{chapter.3}% 122
\BOOKMARK [1][-]{section.3.8}{\376\377\000A\000b\000l\000a\000t\000i\000o\000n\000\040\000S\000t\000u\000d\000y}{chapter.3}% 123
\BOOKMARK [1][-]{section.3.9}{\376\377\000F\000a\000i\000l\000u\000r\000e\000\040\000C\000a\000s\000e\000\040\000A\000n\000a\000l\000y\000s\000i\000s\000\040\000a\000n\000d\000\040\000B\000o\000u\000n\000d\000a\000r\000y\000\040\000C\000o\000n\000d\000i\000t\000i\000o\000n\000s}{chapter.3}% 124
\BOOKMARK [1][-]{section.3.10}{\376\377\000F\000F\000T\000\040\000S\000p\000e\000c\000t\000r\000u\000m\000\040\000A\000n\000a\000l\000y\000s\000i\000s\000\040\000a\000n\000d\000\040\000T\000e\000x\000t\000u\000r\000e\000-\000S\000t\000r\000u\000c\000t\000u\000r\000e\000\040\000D\000e\000c\000o\000u\000p\000l\000i\000n\000g}{chapter.3}% 125
\BOOKMARK [1][-]{section.3.11}{\376\377\000Q\000u\000a\000l\000i\000t\000a\000t\000i\000v\000e\000\040\000E\000v\000a\000l\000u\000a\000t\000i\000o\000n\000:\000\040\000T\000h\000e\000\040\000F\000o\000r\000e\000n\000s\000i\000c\000\040\000E\000x\000p\000e\000r\000t\000'\000s\000\040\000P\000e\000r\000s\000p\000e\000c\000t\000i\000v\000e}{chapter.3}% 126
\BOOKMARK [1][-]{section.3.12}{\376\377\000A\000t\000t\000r\000i\000b\000u\000t\000e\000-\000S\000p\000e\000c\000i\000f\000i\000c\000\040\000R\000e\000s\000t\000o\000r\000a\000t\000i\000o\000n\000\040\000A\000n\000a\000l\000y\000s\000i\000s}{chapter.3}% 127
\BOOKMARK [1][-]{section.3.13}{\376\377\000C\000r\000o\000s\000s\000-\000D\000a\000t\000a\000s\000e\000t\000\040\000G\000e\000n\000e\000r\000a\000l\000i\000z\000a\000t\000i\000o\000n}{chapter.3}% 128
\BOOKMARK [2][-]{subsection.3.13.1}{\376\377\000P\000e\000r\000f\000o\000r\000m\000a\000n\000c\000e\000\040\000o\000n\000\040\000L\000F\000W}{section.3.13}% 129
\BOOKMARK [2][-]{subsection.3.13.2}{\376\377\000P\000e\000r\000f\000o\000r\000m\000a\000n\000c\000e\000\040\000o\000n\000\040\000R\000e\000a\000l\000-\000W\000o\000r\000l\000d\000\040\000L\000o\000w\000-\000L\000i\000g\000h\000t\000\040\000I\000m\000a\000g\000e\000s}{section.3.13}% 130
\BOOKMARK [1][-]{section.3.14}{\376\377\000R\000e\000a\000l\000-\000T\000i\000m\000e\000\040\000P\000r\000o\000c\000e\000s\000s\000i\000n\000g\000\040\000a\000n\000d\000\040\000D\000a\000s\000h\000b\000o\000a\000r\000d\000\040\000I\000m\000p\000l\000e\000m\000e\000n\000t\000a\000t\000i\000o\000n}{chapter.3}% 131
\BOOKMARK [2][-]{subsection.3.14.1}{\376\377\000M\000u\000l\000t\000i\000-\000T\000h\000r\000e\000a\000d\000e\000d\000\040\000I\000n\000f\000e\000r\000e\000n\000c\000e\000\040\000A\000r\000c\000h\000i\000t\000e\000c\000t\000u\000r\000e}{section.3.14}% 132
\BOOKMARK [2][-]{subsection.3.14.2}{\376\377\000R\000e\000a\000l\000-\000T\000i\000m\000e\000\040\000M\000e\000t\000r\000i\000c\000s\000\040\000a\000n\000d\000\040\000S\000c\000a\000l\000a\000b\000i\000l\000i\000t\000y}{section.3.14}% 133
\BOOKMARK [2][-]{subsection.3.14.3}{\376\377\000V\000i\000s\000u\000a\000l\000i\000z\000a\000t\000i\000o\000n\000\040\000o\000f\000\040\000t\000h\000e\000\040\000F\000u\000z\000z\000y\000\040\000M\000a\000n\000i\000f\000o\000l\000d}{section.3.14}% 134
\BOOKMARK [1][-]{section.3.15}{\376\377\000E\000x\000h\000a\000u\000s\000t\000i\000v\000e\000\040\000C\000o\000m\000p\000a\000r\000i\000s\000o\000n\000\040\000w\000i\000t\000h\000\040\000S\000t\000a\000t\000e\000-\000o\000f\000-\000t\000h\000e\000-\000A\000r\000t\000\040\000M\000e\000t\000h\000o\000d\000s}{chapter.3}% 135
\BOOKMARK [1][-]{section.3.16}{\376\377\000S\000y\000n\000t\000h\000e\000s\000i\000s\000\040\000o\000f\000\040\000T\000h\000e\000o\000r\000e\000t\000i\000c\000a\000l\000\040\000a\000n\000d\000\040\000E\000x\000p\000e\000r\000i\000m\000e\000n\000t\000a\000l\000\040\000F\000i\000n\000d\000i\000n\000g\000s}{chapter.3}% 136
\BOOKMARK [2][-]{subsection.3.16.1}{\376\377\000V\000a\000l\000i\000d\000a\000t\000i\000o\000n\000\040\000o\000f\000\040\000t\000h\000e\000\040\000F\000u\000z\000z\000y\000-\000N\000e\000u\000r\000a\000l\000\040\000S\000y\000n\000e\000r\000g\000y}{section.3.16}% 137
\BOOKMARK [2][-]{subsection.3.16.2}{\376\377\000V\000a\000l\000i\000d\000a\000t\000i\000o\000n\000\040\000M\000a\000t\000r\000i\000x\000\040\000f\000o\000r\000\040\000R\000e\000s\000e\000a\000r\000c\000h\000\040\000G\000a\000p\000s}{section.3.16}% 138
\BOOKMARK [1][-]{section.3.17}{\376\377\000D\000a\000t\000a\000s\000e\000t\000\040\000A\000u\000g\000m\000e\000n\000t\000a\000t\000i\000o\000n\000\040\000S\000t\000r\000a\000t\000e\000g\000y}{chapter.3}% 139
\BOOKMARK [2][-]{subsection.3.17.1}{\376\377\000G\000e\000o\000m\000e\000t\000r\000i\000c\000\040\000A\000u\000g\000m\000e\000n\000t\000a\000t\000i\000o\000n\000s}{section.3.17}% 140
\BOOKMARK [2][-]{subsection.3.17.2}{\376\377\000P\000h\000o\000t\000o\000m\000e\000t\000r\000i\000c\000\040\000A\000u\000g\000m\000e\000n\000t\000a\000t\000i\000o\000n\000s}{section.3.17}% 141
\BOOKMARK [1][-]{section.3.18}{\376\377\000S\000u\000m\000m\000a\000r\000y\000\040\000o\000f\000\040\000P\000r\000o\000j\000e\000c\000t\000\040\000C\000o\000n\000t\000r\000i\000b\000u\000t\000i\000o\000n\000s}{chapter.3}% 142
\BOOKMARK [0][-]{chapter.4}{\376\377\000C\000O\000N\000C\000L\000U\000S\000I\000O\000N\000\040\000A\000N\000D\000\040\000F\000U\000T\000U\000R\000E\000\040\000W\000O\000R\000K}{}% 143
\BOOKMARK [1][-]{section.4.1}{\376\377\000A\000c\000h\000i\000e\000v\000e\000m\000e\000n\000t\000s\000\040\000a\000n\000d\000\040\000P\000o\000s\000s\000i\000b\000l\000e\000\040\000B\000e\000n\000e\000f\000i\000c\000i\000a\000r\000i\000e\000s}{chapter.4}% 144
\BOOKMARK [2][-]{subsection.4.1.1}{\376\377\000T\000a\000s\000k\000s\000\040\000a\000n\000d\000\040\000A\000c\000h\000i\000e\000v\000e\000m\000e\000n\000t\000s}{section.4.1}% 145
\BOOKMARK [2][-]{subsection.4.1.2}{\376\377\000P\000o\000s\000s\000i\000b\000l\000e\000\040\000B\000e\000n\000e\000f\000i\000c\000i\000a\000r\000i\000e\000s}{section.4.1}% 146
\BOOKMARK [1][-]{section.4.2}{\376\377\000S\000u\000m\000m\000a\000r\000y\000\040\000o\000f\000\040\000C\000o\000n\000t\000r\000i\000b\000u\000t\000i\000o\000n\000s}{chapter.4}% 147
\BOOKMARK [1][-]{section.4.3}{\376\377\000A\000c\000h\000i\000e\000v\000e\000m\000e\000n\000t\000s}{chapter.4}% 148
\BOOKMARK [1][-]{section.4.4}{\376\377\000P\000r\000a\000c\000t\000i\000c\000a\000l\000\040\000I\000m\000p\000a\000c\000t\000\040\000a\000n\000d\000\040\000S\000c\000a\000l\000a\000b\000i\000l\000i\000t\000y}{chapter.4}% 149
\BOOKMARK [1][-]{section.4.5}{\376\377\000L\000i\000m\000i\000t\000a\000t\000i\000o\000n\000s}{chapter.4}% 150
\BOOKMARK [1][-]{section.4.6}{\376\377\000F\000u\000t\000u\000r\000e\000\040\000R\000e\000s\000e\000a\000r\000c\000h\000\040\000D\000i\000r\000e\000c\000t\000i\000o\000n\000s}{chapter.4}% 151
\BOOKMARK [1][-]{section.4.7}{\376\377\000S\000u\000m\000m\000a\000r\000y\000\040\000o\000f\000\040\000R\000e\000s\000e\000a\000r\000c\000h\000\040\000C\000o\000n\000t\000r\000i\000b\000u\000t\000i\000o\000n\000s}{chapter.4}% 152
\BOOKMARK [1][-]{section.4.8}{\376\377\000L\000i\000s\000t\000\040\000o\000f\000\040\000P\000u\000b\000l\000i\000c\000a\000t\000i\000o\000n\000s\000\040\000a\000n\000d\000\040\000D\000i\000s\000s\000e\000m\000i\000n\000a\000t\000i\000o\000n}{chapter.4}% 153
\BOOKMARK [1][-]{section.4.9}{\376\377\000T\000h\000e\000\040\000P\000a\000r\000e\000t\000o\000\040\000F\000r\000o\000n\000t\000i\000e\000r\000\040\000o\000f\000\040\000F\000a\000c\000e\000\040\000R\000e\000s\000t\000o\000r\000a\000t\000i\000o\000n}{chapter.4}% 154
\BOOKMARK [2][-]{subsection.4.9.1}{\376\377\000P\000e\000r\000c\000e\000p\000t\000u\000a\000l\000\040\000L\000o\000s\000s\000\040\000\050\000V\000G\000G\000\051\000\040\000v\000s\000.\000\040\000I\000d\000e\000n\000t\000i\000t\000y\000\040\000L\000o\000s\000s\000\040\000\050\000A\000r\000c\000F\000a\000c\000e\000\051}{section.4.9}% 155
\BOOKMARK [2][-]{subsection.4.9.2}{\376\377\000B\000a\000l\000a\000n\000c\000i\000n\000g\000\040\000t\000h\000e\000\040\000L\000o\000s\000s\000\040\000O\000b\000j\000e\000c\000t\000i\000v\000e}{section.4.9}% 156
\BOOKMARK [1][-]{section.4.10}{\376\377\000A\000n\000a\000l\000y\000s\000i\000s\000\040\000o\000f\000\040\000F\000a\000i\000l\000u\000r\000e\000\040\000C\000a\000s\000e\000s\000\040\000a\000n\000d\000\040\000E\000d\000g\000e\000\040\000C\000o\000n\000d\000i\000t\000i\000o\000n\000s}{chapter.4}% 157
\BOOKMARK [2][-]{subsection.4.10.1}{\376\377\000E\000x\000t\000r\000e\000m\000e\000\040\000P\000o\000s\000e\000\040\000a\000n\000d\000\040\000O\000c\000c\000l\000u\000s\000i\000o\000n}{section.4.10}% 158
\BOOKMARK [1][-]{section.4.11}{\376\377\000A\000b\000l\000a\000t\000i\000o\000n\000\040\000o\000f\000\040\000A\000t\000t\000e\000n\000t\000i\000o\000n\000\040\000M\000e\000c\000h\000a\000n\000i\000s\000m\000s}{chapter.4}% 159
\BOOKMARK [0][-]{chapter.5}{\376\377\000S\000C\000E\000N\000A\000R\000I\000O\000-\000B\000A\000S\000E\000D\000\040\000C\000A\000S\000E\000\040\000S\000T\000U\000D\000I\000E\000S}{}% 160
\BOOKMARK [1][-]{section.5.1}{\376\377\000I\000n\000t\000r\000o\000d\000u\000c\000t\000i\000o\000n\000\040\000t\000o\000\040\000C\000a\000s\000e\000\040\000S\000t\000u\000d\000i\000e\000s}{chapter.5}% 161
\BOOKMARK [2][-]{subsection.5.1.1}{\376\377\000R\000a\000t\000i\000o\000n\000a\000l\000e\000\040\000f\000o\000r\000\040\000S\000c\000e\000n\000a\000r\000i\000o\000\040\000S\000e\000l\000e\000c\000t\000i\000o\000n}{section.5.1}% 162
\BOOKMARK [1][-]{section.5.2}{\376\377\000C\000a\000s\000e\000\040\000S\000t\000u\000d\000y\000\040\0001\000:\000\040\000A\000T\000M\000\040\000V\000e\000s\000t\000i\000b\000u\000l\000e\000\040\000S\000u\000r\000v\000e\000i\000l\000l\000a\000n\000c\000e}{chapter.5}% 163
\BOOKMARK [2][-]{subsection.5.2.1}{\376\377\000S\000c\000e\000n\000a\000r\000i\000o\000\040\000D\000e\000s\000c\000r\000i\000p\000t\000i\000o\000n}{section.5.2}% 164
\BOOKMARK [2][-]{subsection.5.2.2}{\376\377\000R\000e\000s\000t\000o\000r\000a\000t\000i\000o\000n\000\040\000C\000h\000a\000l\000l\000e\000n\000g\000e\000s}{section.5.2}% 165
\BOOKMARK [2][-]{subsection.5.2.3}{\376\377\000A\000N\000F\000I\000S\000-\000L\000L\000F\000S\000R\000\040\000P\000e\000r\000f\000o\000r\000m\000a\000n\000c\000e}{section.5.2}% 166
\BOOKMARK [1][-]{section.5.3}{\376\377\000C\000a\000s\000e\000\040\000S\000t\000u\000d\000y\000\040\0002\000:\000\040\000L\000o\000w\000-\000R\000e\000s\000o\000l\000u\000t\000i\000o\000n\000\040\000N\000i\000g\000h\000t\000-\000V\000i\000s\000i\000o\000n\000\040\000C\000a\000m\000e\000r\000a}{chapter.5}% 167
\BOOKMARK [2][-]{subsection.5.3.1}{\376\377\000S\000c\000e\000n\000a\000r\000i\000o\000\040\000D\000e\000s\000c\000r\000i\000p\000t\000i\000o\000n}{section.5.3}% 168
\BOOKMARK [2][-]{subsection.5.3.2}{\376\377\000R\000e\000s\000t\000o\000r\000a\000t\000i\000o\000n\000\040\000C\000h\000a\000l\000l\000e\000n\000g\000e\000s}{section.5.3}% 169
\BOOKMARK [2][-]{subsection.5.3.3}{\376\377\000A\000N\000F\000I\000S\000-\000L\000L\000F\000S\000R\000\040\000P\000e\000r\000f\000o\000r\000m\000a\000n\000c\000e}{section.5.3}% 170
\BOOKMARK [1][-]{section.5.4}{\376\377\000C\000a\000s\000e\000\040\000S\000t\000u\000d\000y\000\040\0003\000:\000\040\000R\000e\000a\000l\000-\000T\000i\000m\000e\000\040\000M\000o\000b\000i\000l\000e\000\040\000F\000o\000r\000e\000n\000s\000i\000c\000\040\000R\000e\000c\000o\000v\000e\000r\000y}{chapter.5}% 171
\BOOKMARK [2][-]{subsection.5.4.1}{\376\377\000S\000c\000e\000n\000a\000r\000i\000o\000\040\000D\000e\000s\000c\000r\000i\000p\000t\000i\000o\000n}{section.5.4}% 172
\BOOKMARK [2][-]{subsection.5.4.2}{\376\377\000R\000e\000s\000t\000o\000r\000a\000t\000i\000o\000n\000\040\000C\000h\000a\000l\000l\000e\000n\000g\000e\000s}{section.5.4}% 173
\BOOKMARK [2][-]{subsection.5.4.3}{\376\377\000A\000N\000F\000I\000S\000-\000L\000L\000F\000S\000R\000\040\000P\000e\000r\000f\000o\000r\000m\000a\000n\000c\000e}{section.5.4}% 174
\BOOKMARK [1][-]{section.5.5}{\376\377\000S\000u\000m\000m\000a\000r\000y\000\040\000o\000f\000\040\000C\000o\000m\000p\000a\000r\000a\000t\000i\000v\000e\000\040\000F\000i\000n\000d\000i\000n\000g\000s}{chapter.5}% 175
\BOOKMARK [2][-]{subsection.5.5.1}{\376\377\000S\000y\000n\000t\000h\000e\000s\000i\000s\000\040\000o\000f\000\040\000C\000a\000s\000e\000\040\000S\000t\000u\000d\000y\000\040\000L\000e\000s\000s\000o\000n\000s}{section.5.5}% 176
\BOOKMARK [0][-]{chapter.6}{\376\377\000C\000O\000N\000C\000L\000U\000S\000I\000O\000N\000\040\000A\000N\000D\000\040\000F\000U\000T\000U\000R\000E\000\040\000D\000I\000R\000E\000C\000T\000I\000O\000N\000S}{}% 177
\BOOKMARK [1][-]{section.6.1}{\376\377\000S\000u\000m\000m\000a\000r\000y\000\040\000o\000f\000\040\000T\000h\000e\000s\000i\000s\000\040\000A\000c\000h\000i\000e\000v\000e\000m\000e\000n\000t\000s}{chapter.6}% 178
\BOOKMARK [2][-]{subsection.6.1.1}{\376\377\000K\000e\000y\000\040\000F\000i\000n\000d\000i\000n\000g\000s}{section.6.1}% 179
\BOOKMARK [2][-]{subsection.6.1.2}{\376\377\000T\000h\000e\000\040\000F\000u\000z\000z\000y\000\040\000R\000o\000u\000t\000e\000r\000:\000\040\000A\000d\000d\000r\000e\000s\000s\000i\000n\000g\000\040\000t\000h\000e\000\040\000B\000l\000a\000c\000k\000-\000B\000o\000x\000\040\000L\000i\000m\000i\000t\000a\000t\000i\000o\000n}{section.6.1}% 180
\BOOKMARK [1][-]{section.6.2}{\376\377\000F\000u\000t\000u\000r\000e\000\040\000R\000e\000s\000e\000a\000r\000c\000h\000\040\000S\000c\000o\000p\000e\000s}{chapter.6}% 181
\BOOKMARK [2][-]{subsection.6.2.1}{\376\377\000T\000e\000m\000p\000o\000r\000a\000l\000\040\000S\000t\000a\000b\000i\000l\000i\000t\000y\000\040\000i\000n\000\040\000V\000i\000d\000e\000o\000\040\000F\000o\000r\000e\000n\000s\000i\000c}{section.6.2}% 182
\BOOKMARK [2][-]{subsection.6.2.2}{\376\377\000T\000r\000a\000n\000s\000i\000t\000i\000o\000n\000\040\000t\000o\000\040\000D\000i\000f\000f\000u\000s\000i\000o\000n\000-\000B\000a\000s\000e\000d\000\040\000G\000e\000n\000e\000r\000a\000t\000i\000v\000e\000\040\000P\000r\000i\000o\000r\000s}{section.6.2}% 183
\BOOKMARK [2][-]{subsection.6.2.3}{\376\377\000F\000e\000d\000e\000r\000a\000t\000e\000d\000\040\000F\000o\000r\000e\000n\000s\000i\000c\000\040\000T\000r\000a\000i\000n\000i\000n\000g\000\040\000a\000n\000d\000\040\000P\000r\000i\000v\000a\000c\000y\000-\000P\000r\000e\000s\000e\000r\000v\000i\000n\000g\000\040\000A\000I}{section.6.2}% 184
\BOOKMARK [1][-]{section.6.3}{\376\377\000F\000i\000n\000a\000l\000\040\000C\000o\000n\000c\000l\000u\000d\000i\000n\000g\000\040\000R\000e\000m\000a\000r\000k\000s}{chapter.6}% 185
\BOOKMARK [0][-]{chapter.7}{\376\377\000A\000P\000P\000E\000N\000D\000I\000X}{}% 186
\BOOKMARK [1][-]{section.7.1}{\376\377\000C\000o\000r\000e\000\040\000A\000l\000g\000o\000r\000i\000t\000h\000m\000s}{chapter.7}% 187
\BOOKMARK [2][-]{subsection.7.1.1}{\376\377\000C\000o\000m\000p\000u\000t\000a\000t\000i\000o\000n\000a\000l\000\040\000A\000n\000a\000l\000y\000s\000i\000s\000\040\000o\000f\000\040\000R\000e\000s\000t\000o\000r\000a\000t\000i\000o\000n\000\040\000A\000l\000g\000o\000r\000i\000t\000h\000m\000s}{section.7.1}% 188
\BOOKMARK [1][-]{section.7.2}{\376\377\000H\000a\000r\000d\000w\000a\000r\000e\000\040\000a\000n\000d\000\040\000S\000o\000f\000t\000w\000a\000r\000e\000\040\000E\000n\000v\000i\000r\000o\000n\000m\000e\000n\000t}{chapter.7}% 189
\BOOKMARK [2][-]{subsection.7.2.1}{\376\377\000W\000o\000r\000k\000s\000t\000a\000t\000i\000o\000n\000\040\000T\000o\000p\000o\000l\000o\000g\000y\000\040\000a\000n\000d\000\040\000P\000a\000r\000a\000l\000l\000e\000l\000i\000z\000a\000t\000i\000o\000n}{section.7.2}% 190
\BOOKMARK [1][-]{section.7.3}{\376\377\000C\000o\000m\000p\000l\000e\000t\000e\000\040\000H\000y\000p\000e\000r\000p\000a\000r\000a\000m\000e\000t\000e\000r\000\040\000L\000i\000s\000t}{chapter.7}% 191
\BOOKMARK [0][-]{chapter.8}{\376\377\000E\000X\000T\000E\000N\000D\000E\000D\000\040\000M\000A\000T\000H\000E\000M\000A\000T\000I\000C\000A\000L\000\040\000P\000R\000O\000O\000F\000S}{}% 192
\BOOKMARK [1][-]{section.8.1}{\376\377\000L\000o\000c\000a\000l\000i\000t\000y\000\040\000C\000o\000n\000s\000t\000r\000a\000i\000n\000e\000d\000\040\000R\000e\000p\000r\000e\000s\000e\000n\000t\000a\000t\000i\000o\000n\000\040\000\050\000L\000C\000R\000\051\000\040\000C\000l\000o\000s\000e\000d\000-\000F\000o\000r\000m\000\040\000D\000e\000r\000i\000v\000a\000t\000i\000o\000n}{chapter.8}% 193
\BOOKMARK [0][-]{chapter.9}{\376\377\000C\000O\000D\000E\000\040\000D\000O\000C\000U\000M\000E\000N\000T\000A\000T\000I\000O\000N\000\040\000A\000N\000D\000\040\000S\000T\000R\000U\000C\000T\000U\000R\000E}{}% 194
\BOOKMARK [1][-]{section.9.1}{\376\377\000B\000a\000c\000k\000e\000n\000d\000\040\000A\000r\000c\000h\000i\000t\000e\000c\000t\000u\000r\000e}{chapter.9}% 195
\BOOKMARK [2][-]{subsection.9.1.1}{\376\377\000a\000p\000p\000/\000b\000a\000c\000k\000e\000n\000d\000/\000c\000o\000r\000e\000/}{section.9.1}% 196
\BOOKMARK [2][-]{subsection.9.1.2}{\376\377\000a\000p\000p\000/\000b\000a\000c\000k\000e\000n\000d\000/\000m\000o\000d\000e\000l\000s\000/}{section.9.1}% 197
\BOOKMARK [1][-]{section.9.2}{\376\377\000P\000r\000e\000p\000r\000o\000c\000e\000s\000s\000i\000n\000g\000\040\000S\000c\000r\000i\000p\000t\000s}{chapter.9}% 198
\BOOKMARK [1][-]{section.9.3}{\376\377\000S\000o\000f\000t\000w\000a\000r\000e\000\040\000D\000e\000s\000i\000g\000n\000\040\000P\000a\000t\000t\000e\000r\000n\000s\000\040\000a\000n\000d\000\040\000R\000a\000t\000i\000o\000n\000a\000l\000e}{chapter.9}% 199
\BOOKMARK [0][-]{chapter.10}{\376\377\000U\000S\000E\000R\000\040\000M\000A\000N\000U\000A\000L\000\040\000A\000N\000D\000\040\000D\000E\000P\000L\000O\000Y\000M\000E\000N\000T\000\040\000G\000U\000I\000D\000E}{}% 200
\BOOKMARK [1][-]{section.10.1}{\376\377\000S\000y\000s\000t\000e\000m\000\040\000R\000e\000q\000u\000i\000r\000e\000m\000e\000n\000t\000s}{chapter.10}% 201
\BOOKMARK [2][-]{subsection.10.1.1}{\376\377\000I\000n\000s\000t\000a\000l\000l\000a\000t\000i\000o\000n}{section.10.1}% 202
\BOOKMARK [1][-]{section.10.2}{\376\377\000R\000u\000n\000n\000i\000n\000g\000\040\000I\000n\000f\000e\000r\000e\000n\000c\000e}{chapter.10}% 203
\BOOKMARK [2][-]{subsection.10.2.1}{\376\377\000C\000o\000m\000m\000a\000n\000d\000\040\000L\000i\000n\000e\000\040\000I\000n\000t\000e\000r\000f\000a\000c\000e}{section.10.2}% 204
\BOOKMARK [2][-]{subsection.10.2.2}{\376\377\000R\000e\000a\000l\000-\000T\000i\000m\000e\000\040\000D\000a\000s\000h\000b\000o\000a\000r\000d}{section.10.2}% 205
\BOOKMARK [1][-]{section.10.3}{\376\377\000C\000o\000n\000f\000i\000g\000u\000r\000a\000t\000i\000o\000n\000\040\000O\000p\000t\000i\000o\000n\000s}{chapter.10}% 206
\BOOKMARK [0][-]{chapter.11}{\376\377\000G\000L\000O\000S\000S\000A\000R\000Y\000\040\000O\000F\000\040\000T\000E\000C\000H\000N\000I\000C\000A\000L\000\040\000T\000E\000R\000M\000S}{}% 207
\BOOKMARK [0][-]{chapter.12}{\376\377\000E\000X\000P\000E\000R\000I\000M\000E\000N\000T\000A\000L\000\040\000A\000R\000T\000I\000F\000A\000C\000T\000S\000\040\000L\000I\000S\000T}{}% 208
\BOOKMARK [0][-]{chapter.13}{\376\377\000T\000R\000A\000I\000N\000I\000N\000G\000\040\000L\000O\000G\000\040\000E\000X\000C\000E\000R\000P\000T\000S}{}% 209
\BOOKMARK [0][-]{chapter.14}{\376\377\000E\000X\000T\000E\000R\000N\000A\000L\000\040\000L\000I\000B\000R\000A\000R\000I\000E\000S\000\040\000A\000N\000D\000\040\000S\000O\000F\000T\000W\000A\000R\000E\000\040\000D\000E\000P\000E\000N\000D\000E\000N\000C\000I\000E\000S}{}% 210
\BOOKMARK [0][-]{chapter.15}{\376\377\000L\000I\000S\000T\000\040\000O\000F\000\040\000P\000U\000B\000L\000I\000C\000A\000T\000I\000O\000N\000S\000\040\000A\000N\000D\000\040\000M\000A\000N\000U\000S\000C\000R\000I\000P\000T\000S}{}% 211
\BOOKMARK [0][-]{chapter.16}{\376\377\000R\000E\000S\000E\000A\000R\000C\000H\000\040\000A\000R\000T\000I\000F\000A\000C\000T\000S\000\040\000R\000E\000P\000O\000S\000I\000T\000O\000R\000Y}{}% 212
\BOOKMARK [1][-]{section.16.1}{\376\377\000W\000a\000v\000e\000l\000e\000t\000-\000F\000r\000e\000q\000u\000e\000n\000c\000y\000\040\000F\000u\000s\000i\000o\000n\000\040\000L\000o\000g\000i\000c}{chapter.16}% 213
\BOOKMARK [0][-]{chapter.17}{\376\377\000F\000O\000R\000E\000N\000S\000I\000C\000\040\000D\000E\000P\000L\000O\000Y\000M\000E\000N\000T\000\040\000F\000L\000O\000W\000C\000H\000A\000R\000T\000S}{}% 214
