\BOOKMARK [0][-]{chapter.1}{\376\377\000I\000N\000T\000R\000O\000D\000U\000C\000T\000I\000O\000N\000\040\000A\000N\000D\000\040\000L\000I\000T\000E\000R\000A\000T\000U\000R\000E\000\040\000R\000E\000V\000I\000E\000W}{}% 1
\BOOKMARK [1][-]{section.1.1}{\376\377\000M\000o\000t\000i\000v\000a\000t\000i\000o\000n}{chapter.1}% 2
\BOOKMARK [2][-]{subsection.1.1.1}{\376\377\000T\000h\000e\000\040\000S\000u\000r\000v\000e\000i\000l\000l\000a\000n\000c\000e\000\040\000G\000a\000p\000\040\000a\000n\000d\000\040\000P\000e\000r\000c\000e\000p\000t\000u\000a\000l\000\040\000D\000i\000s\000c\000o\000n\000n\000e\000c\000t}{section.1.1}% 3
\BOOKMARK [2][-]{subsection.1.1.2}{\376\377\000T\000h\000e\000\040\000F\000o\000r\000e\000n\000s\000i\000c\000\040\000R\000e\000a\000l\000i\000t\000y\000:\000\040\000P\000h\000o\000t\000o\000n\000\040\000S\000t\000a\000r\000v\000a\000t\000i\000o\000n\000\040\000a\000n\000d\000\040\000S\000e\000n\000s\000o\000r\000\040\000T\000h\000e\000r\000m\000a\000l\000\040\000N\000o\000i\000s\000e}{section.1.1}% 4
\BOOKMARK [1][-]{section.1.2}{\376\377\000R\000e\000a\000l\000-\000W\000o\000r\000l\000d\000\040\000R\000e\000l\000e\000v\000a\000n\000c\000e\000\040\000a\000n\000d\000\040\000A\000p\000p\000l\000i\000c\000a\000t\000i\000o\000n\000s}{chapter.1}% 5
\BOOKMARK [1][-]{section.1.3}{\376\377\000P\000r\000o\000b\000l\000e\000m\000\040\000F\000o\000r\000m\000u\000l\000a\000t\000i\000o\000n\000\040\000a\000n\000d\000\040\000F\000o\000r\000e\000n\000s\000i\000c\000\040\000S\000c\000o\000p\000e}{chapter.1}% 6
\BOOKMARK [2][-]{subsection.1.3.1}{\376\377\000I\000l\000l\000u\000m\000i\000n\000a\000t\000i\000o\000n\000\040\000U\000n\000c\000e\000r\000t\000a\000i\000n\000t\000y}{section.1.3}% 7
\BOOKMARK [2][-]{subsection.1.3.2}{\376\377\000C\000o\000m\000p\000o\000u\000n\000d\000\040\000D\000e\000g\000r\000a\000d\000a\000t\000i\000o\000n\000\040\000P\000i\000p\000e\000l\000i\000n\000e}{section.1.3}% 8
\BOOKMARK [2][-]{subsection.1.3.3}{\376\377\000I\000d\000e\000n\000t\000i\000t\000y\000\040\000P\000r\000e\000s\000e\000r\000v\000a\000t\000i\000o\000n\000\040\000a\000n\000d\000\040\000H\000a\000l\000l\000u\000c\000i\000n\000a\000t\000i\000o\000n}{section.1.3}% 9
\BOOKMARK [1][-]{section.1.4}{\376\377\000E\000v\000o\000l\000u\000t\000i\000o\000n\000\040\000o\000f\000\040\000F\000a\000c\000i\000a\000l\000\040\000R\000e\000s\000t\000o\000r\000a\000t\000i\000o\000n\000\040\000P\000a\000r\000a\000d\000i\000g\000m\000s}{chapter.1}% 10
\BOOKMARK [2][-]{subsection.1.4.1}{\376\377\000T\000h\000e\000\040\000P\000r\000e\000-\000D\000e\000e\000p\000\040\000L\000e\000a\000r\000n\000i\000n\000g\000\040\000E\000r\000a\000:\000\040\000F\000r\000o\000m\000\040\000B\000i\000l\000i\000n\000e\000a\000r\000\040\000t\000o\000\040\000S\000p\000a\000r\000s\000e\000\040\000C\000o\000d\000i\000n\000g}{section.1.4}% 11
\BOOKMARK [2][-]{subsection.1.4.2}{\376\377\000T\000h\000e\000\040\000C\000N\000N\000\040\000R\000e\000v\000o\000l\000u\000t\000i\000o\000n\000:\000\040\000L\000e\000a\000r\000n\000i\000n\000g\000\040\000E\000n\000d\000-\000t\000o\000-\000E\000n\000d\000\040\000M\000a\000p\000p\000i\000n\000g\000s}{section.1.4}% 12
\BOOKMARK [2][-]{subsection.1.4.3}{\376\377\000G\000e\000n\000e\000r\000a\000t\000i\000v\000e\000\040\000F\000a\000c\000i\000a\000l\000\040\000P\000r\000i\000o\000r\000s\000\040\000a\000n\000d\000\040\000t\000h\000e\000\040\000I\000d\000e\000n\000t\000i\000t\000y\000\040\000D\000r\000i\000f\000t\000\040\000P\000a\000r\000a\000d\000o\000x}{section.1.4}% 13
\BOOKMARK [2][-]{subsection.1.4.4}{\376\377\000A\000d\000d\000i\000t\000i\000v\000e\000\040\000A\000n\000g\000u\000l\000a\000r\000\040\000M\000a\000r\000g\000i\000n\000\040\000L\000o\000s\000s\000:\000\040\000M\000a\000t\000h\000e\000m\000a\000t\000i\000c\000a\000l\000\040\000I\000n\000t\000u\000i\000t\000i\000o\000n}{section.1.4}% 14
\BOOKMARK [2][-]{subsection.1.4.5}{\376\377\000A\000d\000d\000i\000t\000i\000v\000e\000\040\000A\000n\000g\000u\000l\000a\000r\000\040\000M\000a\000r\000g\000i\000n\000\040\000L\000o\000s\000s}{section.1.4}% 15
\BOOKMARK [2][-]{subsection.1.4.6}{\376\377\000A\000r\000c\000F\000a\000c\000e\000\040\000a\000s\000\040\000a\000\040\000G\000e\000o\000m\000e\000t\000r\000i\000c\000\040\000S\000e\000n\000t\000i\000n\000e\000l}{section.1.4}% 16
\BOOKMARK [2][-]{subsection.1.4.7}{\376\377\000D\000e\000e\000p\000\040\000L\000e\000a\000r\000n\000i\000n\000g\000\040\000a\000n\000d\000\040\000C\000N\000N\000-\000b\000a\000s\000e\000d\000\040\000A\000p\000p\000r\000o\000a\000c\000h\000e\000s}{section.1.4}% 17
\BOOKMARK [2][-]{subsection.1.4.8}{\376\377\000G\000A\000N\000s\000\040\000a\000n\000d\000\040\000G\000e\000n\000e\000r\000a\000t\000i\000v\000e\000\040\000F\000a\000c\000i\000a\000l\000\040\000P\000r\000i\000o\000r\000s}{section.1.4}% 18
\BOOKMARK [2][-]{subsection.1.4.9}{\376\377\000T\000r\000a\000n\000s\000f\000o\000r\000m\000e\000r\000-\000b\000a\000s\000e\000d\000\040\000R\000e\000s\000t\000o\000r\000a\000t\000i\000o\000n}{section.1.4}% 19
\BOOKMARK [2][-]{subsection.1.4.10}{\376\377\000N\000e\000u\000r\000o\000-\000F\000u\000z\000z\000y\000\040\000S\000y\000s\000t\000e\000m\000s\000\040\000i\000n\000\040\000I\000m\000a\000g\000e\000\040\000P\000r\000o\000c\000e\000s\000s\000i\000n\000g}{section.1.4}% 20
\BOOKMARK [2][-]{subsection.1.4.11}{\376\377\000S\000t\000a\000t\000e\000-\000o\000f\000-\000t\000h\000e\000-\000A\000r\000t\000\040\000F\000a\000c\000e\000\040\000R\000e\000s\000t\000o\000r\000a\000t\000i\000o\000n\000\040\000M\000o\000d\000e\000l\000s}{section.1.4}% 21
\BOOKMARK [1][-]{section.1.5}{\376\377\000S\000u\000m\000m\000a\000r\000y\000\040\000o\000f\000\040\000L\000i\000t\000e\000r\000a\000t\000u\000r\000e\000\040\000a\000n\000d\000\040\000R\000e\000s\000e\000a\000r\000c\000h\000\040\000P\000o\000s\000i\000t\000i\000o\000n\000i\000n\000g}{chapter.1}% 22
\BOOKMARK [2][-]{subsection.1.5.1}{\376\377\000C\000o\000m\000p\000r\000e\000h\000e\000n\000s\000i\000v\000e\000\040\000L\000i\000t\000e\000r\000a\000t\000u\000r\000e\000\040\000R\000e\000v\000i\000e\000w\000\040\000T\000a\000b\000l\000e}{section.1.5}% 23
\BOOKMARK [2][-]{subsection.1.5.2}{\376\377\000R\000e\000s\000e\000a\000r\000c\000h\000\040\000G\000a\000p\000\040\000I\000d\000e\000n\000t\000i\000f\000i\000c\000a\000t\000i\000o\000n}{section.1.5}% 24
\BOOKMARK [1][-]{section.1.6}{\376\377\000P\000r\000o\000b\000l\000e\000m\000\040\000S\000t\000a\000t\000e\000m\000e\000n\000t\000\040\000a\000n\000d\000\040\000R\000e\000s\000e\000a\000r\000c\000h\000\040\000Q\000u\000e\000s\000t\000i\000o\000n\000s}{chapter.1}% 25
\BOOKMARK [2][-]{subsection.1.6.1}{\376\377\000R\000e\000s\000e\000a\000r\000c\000h\000\040\000Q\000u\000e\000s\000t\000i\000o\000n\000s\000\040\000\050\000R\000Q\000\051}{section.1.6}% 26
\BOOKMARK [1][-]{section.1.7}{\376\377\000P\000r\000o\000j\000e\000c\000t\000\040\000S\000c\000o\000p\000e\000\040\000a\000n\000d\000\040\000B\000o\000u\000n\000d\000r\000i\000e\000s}{chapter.1}% 27
\BOOKMARK [1][-]{section.1.8}{\376\377\000E\000t\000h\000i\000c\000a\000l\000\040\000C\000o\000n\000s\000i\000d\000e\000r\000a\000t\000i\000o\000n\000s\000\040\000a\000n\000d\000\040\000P\000r\000i\000v\000a\000c\000y}{chapter.1}% 28
\BOOKMARK [2][-]{subsection.1.8.1}{\376\377\000C\000o\000n\000s\000e\000n\000t\000\040\000a\000n\000d\000\040\000D\000a\000t\000a\000\040\000P\000r\000i\000v\000a\000c\000y}{section.1.8}% 29
\BOOKMARK [2][-]{subsection.1.8.2}{\376\377\000M\000i\000t\000i\000g\000a\000t\000i\000n\000g\000\040\000B\000i\000a\000s\000\040\000a\000n\000d\000\040\000F\000a\000i\000r\000n\000e\000s\000s}{section.1.8}% 30
\BOOKMARK [1][-]{section.1.9}{\376\377\000E\000v\000o\000l\000u\000t\000i\000o\000n\000\040\000o\000f\000\040\000A\000t\000t\000e\000n\000t\000i\000o\000n\000\040\000M\000e\000c\000h\000a\000n\000i\000s\000m\000s\000\040\000i\000n\000\040\000C\000o\000m\000p\000u\000t\000e\000r\000\040\000V\000i\000s\000i\000o\000n}{chapter.1}% 31
\BOOKMARK [2][-]{subsection.1.9.1}{\376\377\000C\000h\000a\000n\000n\000e\000l\000\040\000A\000t\000t\000e\000n\000t\000i\000o\000n\000\040\000a\000n\000d\000\040\000S\000q\000u\000e\000e\000z\000e\000-\000a\000n\000d\000-\000E\000x\000c\000i\000t\000a\000t\000i\000o\000n}{section.1.9}% 32
\BOOKMARK [2][-]{subsection.1.9.2}{\376\377\000S\000p\000a\000t\000i\000a\000l\000\040\000A\000t\000t\000e\000n\000t\000i\000o\000n\000\040\000a\000n\000d\000\040\000N\000o\000n\000-\000L\000o\000c\000a\000l\000\040\000N\000e\000t\000w\000o\000r\000k\000s}{section.1.9}% 33
\BOOKMARK [2][-]{subsection.1.9.3}{\376\377\000S\000h\000i\000f\000t\000e\000d\000-\000W\000i\000n\000d\000o\000w\000\040\000A\000t\000t\000e\000n\000t\000i\000o\000n\000\040\000\050\000S\000w\000i\000n\000\051}{section.1.9}% 34
\BOOKMARK [1][-]{section.1.10}{\376\377\000H\000i\000s\000t\000o\000r\000i\000c\000a\000l\000\040\000O\000v\000e\000r\000v\000i\000e\000w\000\040\000o\000f\000\040\000F\000u\000z\000z\000y\000\040\000L\000o\000g\000i\000c\000\040\000i\000n\000\040\000I\000m\000a\000g\000e\000\040\000P\000r\000o\000c\000e\000s\000s\000i\000n\000g}{chapter.1}% 35
\BOOKMARK [2][-]{subsection.1.10.1}{\376\377\000E\000a\000r\000l\000y\000\040\000F\000u\000z\000z\000y\000\040\000F\000i\000l\000t\000e\000r\000i\000n\000g}{section.1.10}% 36
\BOOKMARK [2][-]{subsection.1.10.2}{\376\377\000E\000m\000e\000r\000g\000e\000n\000c\000e\000\040\000o\000f\000\040\000N\000e\000u\000r\000o\000-\000F\000u\000z\000z\000y\000\040\000S\000y\000s\000t\000e\000m\000s}{section.1.10}% 37
\BOOKMARK [2][-]{subsection.1.10.3}{\376\377\000F\000u\000z\000z\000y\000\040\000L\000o\000g\000i\000c\000\040\000i\000n\000\040\000t\000h\000e\000\040\000D\000e\000e\000p\000\040\000L\000e\000a\000r\000n\000i\000n\000g\000\040\000E\000r\000a}{section.1.10}% 38
\BOOKMARK [1][-]{section.1.11}{\376\377\000E\000v\000o\000l\000u\000t\000i\000o\000n\000\040\000o\000f\000\040\000I\000m\000a\000g\000e\000\040\000Q\000u\000a\000l\000i\000t\000y\000\040\000A\000s\000s\000e\000s\000s\000m\000e\000n\000t\000\040\000\050\000I\000Q\000A\000\051\000\040\000M\000e\000t\000r\000i\000c\000s}{chapter.1}% 39
\BOOKMARK [2][-]{subsection.1.11.1}{\376\377\000P\000i\000x\000e\000l\000-\000B\000a\000s\000e\000d\000\040\000M\000e\000t\000r\000i\000c\000s\000:\000\040\000P\000S\000N\000R\000\040\000a\000n\000d\000\040\000M\000S\000E}{section.1.11}% 40
\BOOKMARK [2][-]{subsection.1.11.2}{\376\377\000S\000t\000r\000u\000c\000t\000u\000r\000a\000l\000\040\000M\000e\000t\000r\000i\000c\000s\000:\000\040\000S\000S\000I\000M}{section.1.11}% 41
\BOOKMARK [2][-]{subsection.1.11.3}{\376\377\000D\000e\000e\000p\000\040\000P\000e\000r\000c\000e\000p\000t\000u\000a\000l\000\040\000M\000e\000t\000r\000i\000c\000s\000:\000\040\000L\000P\000I\000P\000S}{section.1.11}% 42
\BOOKMARK [1][-]{section.1.12}{\376\377\000O\000r\000g\000a\000n\000i\000z\000a\000t\000i\000o\000n\000\040\000o\000f\000\040\000T\000h\000e\000s\000i\000s}{chapter.1}% 43
\BOOKMARK [0][-]{chapter.2}{\376\377\000M\000A\000T\000H\000E\000M\000A\000T\000I\000C\000A\000L\000\040\000M\000O\000D\000E\000L\000I\000N\000G\000\040\000A\000N\000D\000\040\000M\000E\000T\000H\000O\000D\000S}{}% 44
\BOOKMARK [1][-]{section.2.1}{\376\377\000I\000n\000t\000r\000o\000d\000u\000c\000t\000i\000o\000n}{chapter.2}% 45
\BOOKMARK [2][-]{subsection.2.1.1}{\376\377\000T\000h\000e\000\040\000E\000v\000o\000l\000u\000t\000i\000o\000n\000\040\000o\000f\000\040\000t\000h\000e\000\040\000A\000N\000F\000I\000S\000-\000S\000w\000i\000n\000\040\000H\000y\000b\000r\000i\000d}{section.2.1}% 46
\BOOKMARK [2][-]{subsection.2.1.2}{\376\377\000R\000e\000j\000e\000c\000t\000e\000d\000\040\000A\000r\000c\000h\000i\000t\000e\000c\000t\000u\000r\000a\000l\000\040\000A\000l\000t\000e\000r\000n\000a\000t\000i\000v\000e\000s\000\040\000a\000n\000d\000\040\000L\000e\000s\000s\000o\000n\000s\000\040\000L\000e\000a\000r\000n\000e\000d}{section.2.1}% 47
\BOOKMARK [1][-]{section.2.2}{\376\377\000D\000a\000t\000a\000\040\000P\000r\000e\000p\000r\000o\000c\000e\000s\000s\000i\000n\000g\000\040\000a\000n\000d\000\040\000F\000e\000a\000t\000u\000r\000e\000\040\000E\000x\000t\000r\000a\000c\000t\000i\000o\000n}{chapter.2}% 48
\BOOKMARK [2][-]{subsection.2.2.1}{\376\377\000S\000t\000a\000t\000i\000s\000t\000i\000c\000a\000l\000\040\000F\000e\000a\000t\000u\000r\000e\000\040\000E\000x\000t\000r\000a\000c\000t\000i\000o\000n\000\040\000f\000o\000r\000\040\000A\000N\000F\000I\000S}{section.2.2}% 49
\BOOKMARK [2][-]{subsection.2.2.2}{\376\377\000D\000e\000g\000r\000a\000d\000a\000t\000i\000o\000n\000\040\000A\000n\000a\000l\000y\000s\000i\000s\000\040\000a\000n\000d\000\040\000M\000a\000n\000i\000f\000o\000l\000d\000\040\000V\000i\000s\000u\000a\000l\000i\000z\000a\000t\000i\000o\000n}{section.2.2}% 50
\BOOKMARK [2][-]{subsection.2.2.3}{\376\377\000S\000y\000n\000t\000h\000e\000t\000i\000c\000\040\000D\000e\000g\000r\000a\000d\000a\000t\000i\000o\000n\000\040\000P\000i\000p\000e\000l\000i\000n\000e}{section.2.2}% 51
\BOOKMARK [1][-]{section.2.3}{\376\377\000B\000a\000s\000e\000l\000i\000n\000e\000\040\000M\000o\000d\000e\000l\000\040\000S\000e\000l\000e\000c\000t\000i\000o\000n\000\040\000a\000n\000d\000\040\000R\000a\000t\000i\000o\000n\000a\000l\000e}{chapter.2}% 52
\BOOKMARK [2][-]{subsection.2.3.1}{\376\377\000S\000R\000C\000N\000N\000:\000\040\000C\000o\000n\000v\000o\000l\000u\000t\000i\000o\000n\000a\000l\000\040\000S\000u\000p\000e\000r\000-\000R\000e\000s\000o\000l\000u\000t\000i\000o\000n}{section.2.3}% 53
\BOOKMARK [2][-]{subsection.2.3.2}{\376\377\000Z\000e\000r\000o\000-\000D\000C\000E\000:\000\040\000I\000l\000l\000u\000m\000i\000n\000a\000t\000i\000o\000n\000\040\000B\000e\000n\000c\000h\000m\000a\000r\000k\000i\000n\000g}{section.2.3}% 54
\BOOKMARK [2][-]{subsection.2.3.3}{\376\377\000C\000o\000d\000e\000F\000o\000r\000m\000e\000r\000:\000\040\000S\000t\000r\000u\000c\000t\000u\000r\000a\000l\000\040\000S\000O\000T\000A}{section.2.3}% 55
\BOOKMARK [1][-]{section.2.4}{\376\377\000T\000h\000e\000\040\000N\000e\000u\000r\000o\000-\000F\000u\000z\000z\000y\000\040\000M\000e\000t\000a\000-\000C\000o\000n\000t\000r\000o\000l\000l\000e\000r\000\040\000\050\000A\000N\000F\000I\000S\000\051}{chapter.2}% 56
\BOOKMARK [2][-]{subsection.2.4.1}{\376\377\000F\000u\000z\000z\000i\000f\000i\000c\000a\000t\000i\000o\000n\000:\000\040\000M\000a\000p\000p\000i\000n\000g\000\040\000t\000h\000e\000\040\000D\000a\000r\000k\000n\000e\000s\000s\000\040\000M\000a\000n\000i\000f\000o\000l\000d}{section.2.4}% 57
\BOOKMARK [2][-]{subsection.2.4.2}{\376\377\000L\000a\000y\000e\000r\000\040\0002\000:\000\040\000R\000u\000l\000e\000\040\000F\000i\000r\000i\000n\000g\000\040\000S\000t\000r\000e\000n\000g\000t\000h}{section.2.4}% 58
\BOOKMARK [2][-]{subsection.2.4.3}{\376\377\000L\000a\000y\000e\000r\000\040\0003\000:\000\040\000N\000o\000r\000m\000a\000l\000i\000z\000a\000t\000i\000o\000n}{section.2.4}% 59
\BOOKMARK [2][-]{subsection.2.4.4}{\376\377\000L\000a\000y\000e\000r\000\040\0004\000:\000\040\000C\000o\000n\000s\000e\000q\000u\000e\000n\000t\000\040\000L\000a\000y\000e\000r}{section.2.4}% 60
\BOOKMARK [2][-]{subsection.2.4.5}{\376\377\000D\000e\000f\000u\000z\000z\000i\000f\000i\000c\000a\000t\000i\000o\000n\000\040\000a\000n\000d\000\040\000R\000u\000l\000e\000\040\000V\000i\000s\000u\000a\000l\000i\000z\000a\000t\000i\000o\000n}{section.2.4}% 61
\BOOKMARK [2][-]{subsection.2.4.6}{\376\377\000P\000r\000e\000m\000i\000s\000e\000\040\000P\000a\000r\000a\000m\000e\000t\000e\000r\000\040\000O\000p\000t\000i\000m\000i\000z\000a\000t\000i\000o\000n\000\040\000v\000i\000a\000\040\000G\000r\000a\000d\000i\000e\000n\000t\000\040\000D\000e\000s\000c\000e\000n\000t}{section.2.4}% 62
\BOOKMARK [2][-]{subsection.2.4.7}{\376\377\000C\000o\000n\000s\000e\000q\000u\000e\000n\000t\000\040\000P\000a\000r\000a\000m\000e\000t\000e\000r\000\040\000O\000p\000t\000i\000m\000i\000z\000a\000t\000i\000o\000n\000\040\000v\000i\000a\000\040\000R\000e\000c\000u\000r\000s\000i\000v\000e\000\040\000L\000e\000a\000s\000t\000\040\000S\000q\000u\000a\000r\000e\000s\000\040\000\050\000R\000L\000S\000\051}{section.2.4}% 63
\BOOKMARK [1][-]{section.2.5}{\376\377\000S\000t\000r\000u\000c\000t\000u\000r\000a\000l\000\040\000A\000n\000c\000h\000o\000r\000i\000n\000g\000\040\000v\000i\000a\000\040\000L\000o\000c\000a\000l\000i\000t\000y\000\040\000C\000o\000n\000s\000t\000r\000a\000i\000n\000e\000d\000\040\000R\000e\000p\000r\000e\000s\000e\000n\000t\000a\000t\000i\000o\000n\000\040\000\050\000L\000C\000R\000\051}{chapter.2}% 64
\BOOKMARK [2][-]{subsection.2.5.1}{\376\377\000L\000C\000R\000\040\000E\000n\000c\000o\000d\000i\000n\000g\000\040\000a\000n\000d\000\040\000S\000p\000a\000r\000s\000e\000\040\000P\000r\000i\000o\000r\000s}{section.2.5}% 65
\BOOKMARK [2][-]{subsection.2.5.2}{\376\377\000C\000l\000o\000s\000e\000d\000-\000F\000o\000r\000m\000\040\000O\000p\000t\000i\000m\000i\000z\000a\000t\000i\000o\000n\000\040\000a\000n\000d\000\040\000C\000o\000m\000p\000l\000e\000x\000i\000t\000y\000\040\000B\000o\000t\000t\000l\000e\000n\000e\000c\000k\000s}{section.2.5}% 66
\BOOKMARK [2][-]{subsection.2.5.3}{\376\377\000T\000h\000e\000o\000r\000e\000t\000i\000c\000a\000l\000\040\000B\000o\000u\000n\000d\000s\000\040\000o\000f\000\040\000S\000p\000a\000r\000s\000e\000\040\000R\000e\000c\000o\000n\000s\000t\000r\000u\000c\000t\000i\000o\000n\000\040\000i\000n\000\040\000L\000o\000w\000-\000L\000i\000g\000h\000t}{section.2.5}% 67
\BOOKMARK [1][-]{section.2.6}{\376\377\000S\000y\000s\000t\000e\000m\000\040\000H\000y\000p\000e\000r\000p\000a\000r\000a\000m\000e\000t\000e\000r\000s\000\040\000a\000n\000d\000\040\000C\000o\000n\000f\000i\000g\000u\000r\000a\000t\000i\000o\000n}{chapter.2}% 68
\BOOKMARK [1][-]{section.2.7}{\376\377\000C\000o\000m\000p\000u\000t\000a\000t\000i\000o\000n\000a\000l\000\040\000C\000o\000m\000p\000l\000e\000x\000i\000t\000y\000\040\000a\000n\000d\000\040\000R\000u\000n\000t\000i\000m\000e\000\040\000P\000r\000o\000f\000i\000l\000e}{chapter.2}% 69
\BOOKMARK [1][-]{section.2.8}{\376\377\000I\000d\000e\000n\000t\000i\000t\000y\000\040\000P\000r\000e\000s\000e\000r\000v\000a\000t\000i\000o\000n\000\040\000T\000h\000e\000o\000r\000y\000:\000\040\000T\000h\000e\000\040\000R\000o\000l\000e\000\040\000o\000f\000\040\000A\000r\000c\000F\000a\000c\000e}{chapter.2}% 70
\BOOKMARK [2][-]{subsection.2.8.1}{\376\377\000A\000d\000d\000i\000t\000i\000v\000e\000\040\000A\000n\000g\000u\000l\000a\000r\000\040\000M\000a\000r\000g\000i\000n\000\040\000L\000o\000s\000s}{section.2.8}% 71
\BOOKMARK [2][-]{subsection.2.8.2}{\376\377\000A\000r\000c\000F\000a\000c\000e\000\040\000a\000s\000\040\000a\000\040\000G\000e\000o\000m\000e\000t\000r\000i\000c\000\040\000S\000e\000n\000t\000i\000n\000e\000l}{section.2.8}% 72
\BOOKMARK [1][-]{section.2.9}{\376\377\000T\000r\000a\000i\000n\000i\000n\000g\000\040\000P\000r\000o\000c\000e\000d\000u\000r\000e\000\040\000a\000n\000d\000\040\000E\000x\000e\000c\000u\000t\000i\000o\000n\000\040\000L\000o\000o\000p}{chapter.2}% 73
\BOOKMARK [2][-]{subsection.2.9.1}{\376\377\000A\000d\000d\000r\000e\000s\000s\000i\000n\000g\000\040\000T\000r\000a\000i\000n\000i\000n\000g\000\040\000D\000i\000v\000e\000r\000g\000e\000n\000c\000e\000\040\000i\000n\000\040\000M\000u\000l\000t\000i\000-\000L\000o\000s\000s\000\040\000O\000p\000t\000i\000m\000i\000z\000a\000t\000i\000o\000n}{section.2.9}% 74
\BOOKMARK [1][-]{section.2.10}{\376\377\000M\000e\000m\000b\000e\000r\000s\000h\000i\000p\000\040\000F\000u\000n\000c\000t\000i\000o\000n\000\040\000D\000e\000s\000i\000g\000n\000\040\000a\000n\000d\000\040\000S\000e\000n\000s\000i\000t\000i\000v\000i\000t\000y\000\040\000A\000n\000a\000l\000y\000s\000i\000s}{chapter.2}% 75
\BOOKMARK [2][-]{subsection.2.10.1}{\376\377\000G\000a\000u\000s\000s\000i\000a\000n\000\040\000v\000s\000.\000\040\000T\000r\000i\000a\000n\000g\000u\000l\000a\000r\000\040\000M\000e\000m\000b\000e\000r\000s\000h\000i\000p\000\040\000F\000u\000n\000c\000t\000i\000o\000n\000s}{section.2.10}% 76
\BOOKMARK [2][-]{subsection.2.10.2}{\376\377\000I\000m\000p\000a\000c\000t\000\040\000o\000f\000\040\000M\000F\000\040\000O\000v\000e\000r\000l\000a\000p}{section.2.10}% 77
\BOOKMARK [1][-]{section.2.11}{\376\377\000R\000e\000c\000u\000r\000s\000i\000v\000e\000\040\000L\000e\000a\000s\000t\000\040\000S\000q\000u\000a\000r\000e\000s\000\040\000\050\000R\000L\000S\000\051\000\040\000C\000o\000n\000v\000e\000r\000g\000e\000n\000c\000e\000\040\000P\000r\000o\000p\000e\000r\000t\000i\000e\000s}{chapter.2}% 78
\BOOKMARK [2][-]{subsection.2.11.1}{\376\377\000A\000n\000a\000l\000y\000t\000i\000c\000\040\000S\000o\000l\000u\000t\000i\000o\000n\000\040\000v\000s\000.\000\040\000I\000t\000e\000r\000a\000t\000i\000v\000e\000\040\000S\000e\000a\000r\000c\000h}{section.2.11}% 79
\BOOKMARK [1][-]{section.2.12}{\376\377\000T\000r\000a\000n\000s\000f\000o\000r\000m\000e\000r\000-\000b\000a\000s\000e\000d\000\040\000F\000e\000a\000t\000u\000r\000e\000\040\000R\000e\000f\000i\000n\000e\000m\000e\000n\000t}{chapter.2}% 80
\BOOKMARK [2][-]{subsection.2.12.1}{\376\377\000W\000i\000n\000d\000o\000w\000-\000b\000a\000s\000e\000d\000\040\000S\000e\000l\000f\000-\000A\000t\000t\000e\000n\000t\000i\000o\000n}{section.2.12}% 81
\BOOKMARK [2][-]{subsection.2.12.2}{\376\377\000S\000h\000i\000f\000t\000e\000d\000\040\000W\000i\000n\000d\000o\000w\000\040\000P\000a\000r\000t\000i\000t\000i\000o\000n\000i\000n\000g}{section.2.12}% 82
\BOOKMARK [2][-]{subsection.2.12.3}{\376\377\000S\000w\000i\000n\000I\000R\000\040\000f\000o\000r\000\040\000S\000u\000p\000e\000r\000-\000R\000e\000s\000o\000l\000u\000t\000i\000o\000n}{section.2.12}% 83
\BOOKMARK [2][-]{subsection.2.12.4}{\376\377\000A\000d\000a\000p\000t\000i\000v\000e\000\040\000L\000o\000c\000a\000l\000i\000t\000y\000\040\000S\000e\000l\000e\000c\000t\000i\000o\000n\000\040\000L\000o\000g\000i\000c}{section.2.12}% 84
\BOOKMARK [2][-]{subsection.2.12.5}{\376\377\000S\000i\000g\000n\000a\000l\000-\000D\000e\000p\000e\000n\000d\000e\000n\000t\000\040\000B\000a\000n\000d\000w\000i\000d\000t\000h\000\040\000M\000o\000d\000u\000l\000a\000t\000i\000o\000n}{section.2.12}% 85
\BOOKMARK [2][-]{subsection.2.12.6}{\376\377\000W\000e\000i\000g\000h\000t\000e\000d\000\040\000D\000i\000c\000t\000i\000o\000n\000a\000r\000y\000\040\000S\000a\000m\000p\000l\000i\000n\000g}{section.2.12}% 86
\BOOKMARK [2][-]{subsection.2.12.7}{\376\377\000A\000N\000F\000I\000S\000-\000G\000u\000i\000d\000e\000d\000\040\000R\000e\000w\000e\000i\000g\000h\000t\000i\000n\000g}{section.2.12}% 87
\BOOKMARK [1][-]{section.2.13}{\376\377\000S\000w\000i\000n\000F\000u\000z\000z\000y\000L\000C\000R\000\040\000R\000e\000f\000i\000n\000e\000m\000e\000n\000t\000\040\000N\000e\000t\000w\000o\000r\000k}{chapter.2}% 88
\BOOKMARK [2][-]{subsection.2.13.1}{\376\377\000S\000p\000a\000t\000i\000a\000l\000\040\000F\000e\000a\000t\000u\000r\000e\000\040\000T\000r\000a\000n\000s\000f\000o\000r\000m\000\040\000\050\000S\000F\000T\000\051}{section.2.13}% 89
\BOOKMARK [2][-]{subsection.2.13.2}{\376\377\000C\000o\000n\000v\000o\000l\000u\000t\000i\000o\000n\000a\000l\000\040\000B\000l\000o\000c\000k\000\040\000A\000t\000t\000e\000n\000t\000i\000o\000n\000\040\000M\000o\000d\000u\000l\000e\000\040\000\050\000C\000B\000A\000M\000\051}{section.2.13}% 90
\BOOKMARK [2][-]{subsection.2.13.3}{\376\377\000W\000a\000v\000e\000l\000e\000t\000-\000F\000r\000e\000q\000u\000e\000n\000c\000y\000\040\000F\000u\000s\000i\000o\000n\000\040\000f\000o\000r\000\040\000T\000e\000x\000t\000u\000r\000e\000\040\000R\000e\000c\000o\000v\000e\000r\000y}{section.2.13}% 91
\BOOKMARK [1][-]{section.2.14}{\376\377\000I\000d\000e\000n\000t\000i\000t\000y\000\040\000P\000r\000e\000s\000e\000r\000v\000a\000t\000i\000o\000n\000\040\000v\000i\000a\000\040\000A\000r\000c\000F\000a\000c\000e\000\040\000S\000e\000n\000t\000i\000n\000e\000l}{chapter.2}% 92
\BOOKMARK [2][-]{subsection.2.14.1}{\376\377\000A\000r\000c\000F\000a\000c\000e\000\040\000E\000m\000b\000e\000d\000d\000i\000n\000g\000\040\000S\000p\000a\000c\000e}{section.2.14}% 93
\BOOKMARK [2][-]{subsection.2.14.2}{\376\377\000I\000d\000e\000n\000t\000i\000t\000y\000\040\000L\000o\000s\000s\000\040\000F\000o\000r\000m\000u\000l\000a\000t\000i\000o\000n}{section.2.14}% 94
\BOOKMARK [1][-]{section.2.15}{\376\377\000L\000o\000s\000s\000\040\000F\000u\000n\000c\000t\000i\000o\000n\000s}{chapter.2}% 95
\BOOKMARK [1][-]{section.2.16}{\376\377\000I\000n\000t\000e\000g\000r\000a\000t\000e\000d\000\040\000I\000n\000f\000e\000r\000e\000n\000c\000e\000\040\000W\000o\000r\000k\000f\000l\000o\000w\000\040\000a\000n\000d\000\040\000I\000n\000f\000o\000r\000m\000a\000t\000i\000o\000n\000\040\000F\000l\000o\000w}{chapter.2}% 96
\BOOKMARK [2][-]{subsection.2.16.1}{\376\377\000H\000i\000e\000r\000a\000r\000c\000h\000i\000c\000a\000l\000\040\000I\000n\000f\000o\000r\000m\000a\000t\000i\000o\000n\000\040\000F\000l\000o\000w}{section.2.16}% 97
\BOOKMARK [2][-]{subsection.2.16.2}{\376\377\000I\000m\000p\000l\000e\000m\000e\000n\000t\000a\000t\000i\000o\000n\000\040\000R\000a\000t\000i\000o\000n\000a\000l\000e\000:\000\040\000P\000r\000e\000v\000e\000n\000t\000i\000n\000g\000\040\000t\000h\000e\000\040\000"\000A\000v\000e\000r\000a\000g\000e\000\040\000F\000a\000c\000e\000"\000\040\000P\000r\000o\000b\000l\000e\000m}{section.2.16}% 98
\BOOKMARK [0][-]{chapter.3}{\376\377\000R\000E\000S\000U\000L\000T\000S\000\040\000A\000N\000D\000\040\000D\000I\000S\000C\000U\000S\000S\000I\000O\000N}{}% 99
\BOOKMARK [1][-]{section.3.1}{\376\377\000E\000x\000p\000e\000r\000i\000m\000e\000n\000t\000a\000l\000\040\000S\000e\000t\000u\000p}{chapter.3}% 100
\BOOKMARK [2][-]{subsection.3.1.1}{\376\377\000H\000a\000r\000d\000w\000a\000r\000e\000\040\000a\000n\000d\000\040\000S\000o\000f\000t\000w\000a\000r\000e\000\040\000E\000n\000v\000i\000r\000o\000n\000m\000e\000n\000t}{section.3.1}% 101
\BOOKMARK [2][-]{subsection.3.1.2}{\376\377\000T\000r\000a\000i\000n\000i\000n\000g\000\040\000P\000r\000o\000t\000o\000c\000o\000l}{section.3.1}% 102
\BOOKMARK [1][-]{section.3.2}{\376\377\000D\000a\000t\000a\000s\000e\000t\000\040\000C\000h\000a\000r\000a\000c\000t\000e\000r\000i\000z\000a\000t\000i\000o\000n\000\040\000a\000n\000d\000\040\000S\000t\000a\000t\000i\000s\000t\000i\000c\000a\000l\000\040\000P\000r\000o\000f\000i\000l\000e}{chapter.3}% 103
\BOOKMARK [2][-]{subsection.3.2.1}{\376\377\000C\000e\000l\000e\000b\000A\000-\000H\000Q\000\040\000S\000t\000a\000t\000i\000s\000t\000i\000c\000a\000l\000\040\000D\000i\000s\000t\000r\000i\000b\000u\000t\000i\000o\000n}{section.3.2}% 104
\BOOKMARK [2][-]{subsection.3.2.2}{\376\377\000D\000e\000g\000r\000a\000d\000a\000t\000i\000o\000n\000\040\000T\000a\000x\000o\000n\000o\000m\000y}{section.3.2}% 105
\BOOKMARK [1][-]{section.3.3}{\376\377\000S\000t\000a\000t\000i\000c\000\040\000B\000a\000s\000e\000l\000i\000n\000e\000\040\000P\000e\000r\000f\000o\000r\000m\000a\000n\000c\000e\000\040\000A\000n\000a\000l\000y\000s\000i\000s}{chapter.3}% 106
\BOOKMARK [2][-]{subsection.3.3.1}{\376\377\000I\000m\000p\000a\000c\000t\000\040\000o\000f\000\040\000F\000i\000x\000e\000d\000\040\000I\000l\000l\000u\000m\000i\000n\000a\000t\000i\000o\000n\000\040\000E\000n\000h\000a\000n\000c\000e\000m\000e\000n\000t}{section.3.3}% 107
\BOOKMARK [1][-]{section.3.4}{\376\377\000B\000e\000n\000c\000h\000m\000a\000r\000k\000i\000n\000g\000\040\000a\000g\000a\000i\000n\000s\000t\000\040\000G\000e\000n\000e\000r\000a\000t\000i\000v\000e\000\040\000S\000t\000a\000t\000e\000-\000o\000f\000-\000t\000h\000e\000-\000A\000r\000t}{chapter.3}% 108
\BOOKMARK [1][-]{section.3.5}{\376\377\000Q\000u\000a\000n\000t\000i\000t\000a\000t\000i\000v\000e\000\040\000S\000y\000n\000t\000h\000e\000s\000i\000s\000\040\000a\000n\000d\000\040\000I\000d\000e\000n\000t\000i\000t\000y\000-\000F\000i\000d\000e\000l\000i\000t\000y\000\040\000T\000r\000a\000d\000e\000o\000f\000f\000s}{chapter.3}% 109
\BOOKMARK [1][-]{section.3.6}{\376\377\000Q\000u\000a\000l\000i\000t\000a\000t\000i\000v\000e\000\040\000F\000o\000r\000e\000n\000s\000i\000c\000\040\000E\000v\000i\000d\000e\000n\000c\000e\000\040\000a\000n\000d\000\040\000V\000i\000s\000u\000a\000l\000\040\000A\000u\000d\000i\000t}{chapter.3}% 110
\BOOKMARK [2][-]{subsection.3.6.1}{\376\377\000V\000i\000s\000u\000a\000l\000\040\000R\000e\000c\000o\000n\000s\000t\000r\000u\000c\000t\000i\000o\000n\000\040\000P\000e\000r\000f\000o\000r\000m\000a\000n\000c\000e}{section.3.6}% 111
\BOOKMARK [2][-]{subsection.3.6.2}{\376\377\000I\000l\000l\000u\000m\000i\000n\000a\000t\000i\000o\000n\000-\000A\000w\000a\000r\000e\000\040\000H\000e\000a\000t\000m\000a\000p\000\040\000A\000n\000a\000l\000y\000s\000i\000s}{section.3.6}% 112
\BOOKMARK [2][-]{subsection.3.6.3}{\376\377\000R\000e\000s\000i\000l\000i\000e\000n\000c\000e\000\040\000t\000o\000\040\000S\000e\000n\000s\000o\000r\000\040\000N\000o\000i\000s\000e}{section.3.6}% 113
\BOOKMARK [2][-]{subsection.3.6.4}{\376\377\000I\000n\000t\000e\000r\000m\000e\000d\000i\000a\000t\000e\000\040\000P\000i\000p\000e\000l\000i\000n\000e\000\040\000V\000i\000s\000u\000a\000l\000i\000z\000a\000t\000i\000o\000n}{section.3.6}% 114
\BOOKMARK [1][-]{section.3.7}{\376\377\000I\000l\000l\000u\000m\000i\000n\000a\000t\000i\000o\000n\000\040\000C\000l\000a\000s\000s\000i\000f\000i\000c\000a\000t\000i\000o\000n\000\040\000P\000e\000r\000f\000o\000r\000m\000a\000n\000c\000e}{chapter.3}% 115
\BOOKMARK [1][-]{section.3.8}{\376\377\000C\000o\000m\000p\000u\000t\000a\000t\000i\000o\000n\000a\000l\000\040\000E\000f\000f\000i\000c\000i\000e\000n\000c\000y\000\040\000a\000n\000d\000\040\000I\000n\000f\000e\000r\000e\000n\000c\000e\000\040\000L\000a\000t\000e\000n\000c\000y}{chapter.3}% 116
\BOOKMARK [1][-]{section.3.9}{\376\377\000H\000u\000m\000a\000n\000\040\000P\000e\000r\000c\000e\000p\000t\000i\000o\000n\000\040\000v\000s\000.\000\040\000M\000a\000c\000h\000i\000n\000e\000\040\000M\000e\000t\000r\000i\000c\000s\000:\000\040\000A\000\040\000D\000i\000s\000c\000u\000s\000s\000i\000o\000n}{chapter.3}% 117
\BOOKMARK [1][-]{section.3.10}{\376\377\000A\000b\000l\000a\000t\000i\000o\000n\000\040\000S\000t\000u\000d\000y}{chapter.3}% 118
\BOOKMARK [1][-]{section.3.11}{\376\377\000F\000a\000i\000l\000u\000r\000e\000\040\000C\000a\000s\000e\000\040\000A\000n\000a\000l\000y\000s\000i\000s\000\040\000a\000n\000d\000\040\000B\000o\000u\000n\000d\000a\000r\000y\000\040\000C\000o\000n\000d\000i\000t\000i\000o\000n\000s}{chapter.3}% 119
\BOOKMARK [1][-]{section.3.12}{\376\377\000F\000F\000T\000\040\000S\000p\000e\000c\000t\000r\000u\000m\000\040\000A\000n\000a\000l\000y\000s\000i\000s\000\040\000a\000n\000d\000\040\000T\000e\000x\000t\000u\000r\000e\000-\000S\000t\000r\000u\000c\000t\000u\000r\000e\000\040\000D\000e\000c\000o\000u\000p\000l\000i\000n\000g}{chapter.3}% 120
\BOOKMARK [1][-]{section.3.13}{\376\377\000Q\000u\000a\000l\000i\000t\000a\000t\000i\000v\000e\000\040\000E\000v\000a\000l\000u\000a\000t\000i\000o\000n\000:\000\040\000T\000h\000e\000\040\000F\000o\000r\000e\000n\000s\000i\000c\000\040\000E\000x\000p\000e\000r\000t\000'\000s\000\040\000P\000e\000r\000s\000p\000e\000c\000t\000i\000v\000e}{chapter.3}% 121
\BOOKMARK [1][-]{section.3.14}{\376\377\000A\000t\000t\000r\000i\000b\000u\000t\000e\000-\000S\000p\000e\000c\000i\000f\000i\000c\000\040\000R\000e\000s\000t\000o\000r\000a\000t\000i\000o\000n\000\040\000A\000n\000a\000l\000y\000s\000i\000s}{chapter.3}% 122
\BOOKMARK [1][-]{section.3.15}{\376\377\000C\000r\000o\000s\000s\000-\000D\000a\000t\000a\000s\000e\000t\000\040\000G\000e\000n\000e\000r\000a\000l\000i\000z\000a\000t\000i\000o\000n}{chapter.3}% 123
\BOOKMARK [2][-]{subsection.3.15.1}{\376\377\000P\000e\000r\000f\000o\000r\000m\000a\000n\000c\000e\000\040\000o\000n\000\040\000L\000F\000W}{section.3.15}% 124
\BOOKMARK [2][-]{subsection.3.15.2}{\376\377\000P\000e\000r\000f\000o\000r\000m\000a\000n\000c\000e\000\040\000o\000n\000\040\000R\000e\000a\000l\000-\000W\000o\000r\000l\000d\000\040\000L\000o\000w\000-\000L\000i\000g\000h\000t\000\040\000I\000m\000a\000g\000e\000s}{section.3.15}% 125
\BOOKMARK [1][-]{section.3.16}{\376\377\000R\000e\000a\000l\000-\000T\000i\000m\000e\000\040\000P\000r\000o\000c\000e\000s\000s\000i\000n\000g\000\040\000a\000n\000d\000\040\000D\000a\000s\000h\000b\000o\000a\000r\000d\000\040\000I\000m\000p\000l\000e\000m\000e\000n\000t\000a\000t\000i\000o\000n}{chapter.3}% 126
\BOOKMARK [2][-]{subsection.3.16.1}{\376\377\000M\000u\000l\000t\000i\000-\000T\000h\000r\000e\000a\000d\000e\000d\000\040\000I\000n\000f\000e\000r\000e\000n\000c\000e\000\040\000A\000r\000c\000h\000i\000t\000e\000c\000t\000u\000r\000e}{section.3.16}% 127
\BOOKMARK [2][-]{subsection.3.16.2}{\376\377\000R\000e\000a\000l\000-\000T\000i\000m\000e\000\040\000M\000e\000t\000r\000i\000c\000s\000\040\000a\000n\000d\000\040\000S\000c\000a\000l\000a\000b\000i\000l\000i\000t\000y}{section.3.16}% 128
\BOOKMARK [2][-]{subsection.3.16.3}{\376\377\000V\000i\000s\000u\000a\000l\000i\000z\000a\000t\000i\000o\000n\000\040\000o\000f\000\040\000t\000h\000e\000\040\000F\000u\000z\000z\000y\000\040\000M\000a\000n\000i\000f\000o\000l\000d}{section.3.16}% 129
\BOOKMARK [1][-]{section.3.17}{\376\377\000E\000x\000h\000a\000u\000s\000t\000i\000v\000e\000\040\000C\000o\000m\000p\000a\000r\000i\000s\000o\000n\000\040\000w\000i\000t\000h\000\040\000S\000t\000a\000t\000e\000-\000o\000f\000-\000t\000h\000e\000-\000A\000r\000t\000\040\000M\000e\000t\000h\000o\000d\000s}{chapter.3}% 130
\BOOKMARK [1][-]{section.3.18}{\376\377\000S\000y\000n\000t\000h\000e\000s\000i\000s\000\040\000o\000f\000\040\000T\000h\000e\000o\000r\000e\000t\000i\000c\000a\000l\000\040\000a\000n\000d\000\040\000E\000x\000p\000e\000r\000i\000m\000e\000n\000t\000a\000l\000\040\000F\000i\000n\000d\000i\000n\000g\000s}{chapter.3}% 131
\BOOKMARK [2][-]{subsection.3.18.1}{\376\377\000V\000a\000l\000i\000d\000a\000t\000i\000o\000n\000\040\000o\000f\000\040\000t\000h\000e\000\040\000F\000u\000z\000z\000y\000-\000N\000e\000u\000r\000a\000l\000\040\000S\000y\000n\000e\000r\000g\000y}{section.3.18}% 132
\BOOKMARK [2][-]{subsection.3.18.2}{\376\377\000V\000a\000l\000i\000d\000a\000t\000i\000o\000n\000\040\000M\000a\000t\000r\000i\000x\000\040\000f\000o\000r\000\040\000R\000e\000s\000e\000a\000r\000c\000h\000\040\000G\000a\000p\000s}{section.3.18}% 133
\BOOKMARK [1][-]{section.3.19}{\376\377\000D\000a\000t\000a\000s\000e\000t\000\040\000A\000u\000g\000m\000e\000n\000t\000a\000t\000i\000o\000n\000\040\000S\000t\000r\000a\000t\000e\000g\000y}{chapter.3}% 134
\BOOKMARK [2][-]{subsection.3.19.1}{\376\377\000G\000e\000o\000m\000e\000t\000r\000i\000c\000\040\000A\000u\000g\000m\000e\000n\000t\000a\000t\000i\000o\000n\000s}{section.3.19}% 135
\BOOKMARK [2][-]{subsection.3.19.2}{\376\377\000P\000h\000o\000t\000o\000m\000e\000t\000r\000i\000c\000\040\000A\000u\000g\000m\000e\000n\000t\000a\000t\000i\000o\000n\000s}{section.3.19}% 136
\BOOKMARK [1][-]{section.3.20}{\376\377\000A\000n\000a\000l\000y\000s\000i\000s\000\040\000o\000f\000\040\000F\000a\000i\000l\000u\000r\000e\000\040\000C\000a\000s\000e\000s\000\040\000a\000n\000d\000\040\000B\000o\000u\000n\000d\000a\000r\000y\000\040\000C\000o\000n\000d\000i\000t\000i\000o\000n\000s}{chapter.3}% 137
\BOOKMARK [1][-]{section.3.21}{\376\377\000T\000h\000e\000\040\000P\000a\000r\000e\000t\000o\000\040\000F\000r\000o\000n\000t\000i\000e\000r\000:\000\040\000A\000e\000s\000t\000h\000e\000t\000i\000c\000\040\000R\000e\000a\000l\000i\000s\000m\000\040\000v\000s\000.\000\040\000F\000o\000r\000e\000n\000s\000i\000c\000\040\000F\000i\000d\000e\000l\000i\000t\000y}{chapter.3}% 138
\BOOKMARK [1][-]{section.3.22}{\376\377\000A\000b\000l\000a\000t\000i\000o\000n\000\040\000o\000f\000\040\000A\000t\000t\000e\000n\000t\000i\000o\000n\000\040\000M\000e\000c\000h\000a\000n\000i\000s\000m\000s}{chapter.3}% 139
\BOOKMARK [0][-]{chapter.4}{\376\377\000S\000Y\000S\000T\000E\000M\000\040\000D\000E\000S\000I\000G\000N\000\040\000A\000N\000D\000\040\000P\000R\000A\000C\000T\000I\000C\000A\000L\000\040\000I\000M\000P\000L\000E\000M\000E\000N\000T\000A\000T\000I\000O\000N}{}% 140
\BOOKMARK [1][-]{section.4.1}{\376\377\000S\000y\000s\000t\000e\000m\000\040\000O\000v\000e\000r\000v\000i\000e\000w\000\040\000a\000n\000d\000\040\000A\000r\000c\000h\000i\000t\000e\000c\000t\000u\000r\000a\000l\000\040\000R\000a\000t\000i\000o\000n\000a\000l\000e}{chapter.4}% 141
\BOOKMARK [1][-]{section.4.2}{\376\377\000S\000o\000f\000t\000w\000a\000r\000e\000\040\000A\000r\000c\000h\000i\000t\000e\000c\000t\000u\000r\000e\000\040\000a\000n\000d\000\040\000M\000o\000d\000u\000l\000a\000r\000\040\000O\000r\000g\000a\000n\000i\000z\000a\000t\000i\000o\000n}{chapter.4}% 142
\BOOKMARK [2][-]{subsection.4.2.1}{\376\377\000C\000o\000r\000e\000\040\000L\000o\000g\000i\000c\000\040\000M\000o\000d\000u\000l\000e\000s}{section.4.2}% 143
\BOOKMARK [2][-]{subsection.4.2.2}{\376\377\000N\000e\000u\000r\000a\000l\000\040\000R\000e\000f\000i\000n\000e\000m\000e\000n\000t\000\040\000M\000o\000d\000e\000l\000s}{section.4.2}% 144
\BOOKMARK [1][-]{section.4.3}{\376\377\000S\000o\000f\000t\000w\000a\000r\000e\000\040\000D\000e\000s\000i\000g\000n\000\040\000P\000a\000t\000t\000e\000r\000n\000s}{chapter.4}% 145
\BOOKMARK [1][-]{section.4.4}{\376\377\000H\000a\000r\000d\000w\000a\000r\000e\000\040\000T\000o\000p\000o\000l\000o\000g\000y\000\040\000a\000n\000d\000\040\000P\000a\000r\000a\000l\000l\000e\000l\000i\000z\000a\000t\000i\000o\000n}{chapter.4}% 146
\BOOKMARK [2][-]{subsection.4.4.1}{\376\377\000W\000o\000r\000k\000s\000t\000a\000t\000i\000o\000n\000\040\000C\000o\000n\000f\000i\000g\000u\000r\000a\000t\000i\000o\000n}{section.4.4}% 147
\BOOKMARK [2][-]{subsection.4.4.2}{\376\377\000H\000e\000t\000e\000r\000o\000g\000e\000n\000e\000o\000u\000s\000\040\000P\000a\000r\000a\000l\000l\000e\000l\000i\000s\000m}{section.4.4}% 148
\BOOKMARK [1][-]{section.4.5}{\376\377\000D\000e\000p\000l\000o\000y\000m\000e\000n\000t\000\040\000I\000n\000t\000e\000r\000f\000a\000c\000e\000:\000\040\000T\000h\000e\000\040\000R\000e\000a\000l\000-\000T\000i\000m\000e\000\040\000D\000a\000s\000h\000b\000o\000a\000r\000d}{chapter.4}% 149
\BOOKMARK [2][-]{subsection.4.5.1}{\376\377\000A\000s\000y\000n\000c\000h\000r\000o\000n\000o\000u\000s\000\040\000I\000n\000f\000e\000r\000e\000n\000c\000e\000\040\000P\000i\000p\000e\000l\000i\000n\000e}{section.4.5}% 150
\BOOKMARK [2][-]{subsection.4.5.2}{\376\377\000I\000d\000e\000n\000t\000i\000t\000y\000\040\000V\000e\000r\000i\000f\000i\000c\000a\000t\000i\000o\000n\000\040\000S\000e\000n\000t\000i\000n\000e\000l}{section.4.5}% 151
\BOOKMARK [0][-]{chapter.5}{\376\377\000C\000O\000N\000C\000L\000U\000S\000I\000O\000N\000\040\000A\000N\000D\000\040\000F\000U\000T\000U\000R\000E\000\040\000W\000O\000R\000K}{}% 152
\BOOKMARK [1][-]{section.5.1}{\376\377\000S\000u\000m\000m\000a\000r\000y\000\040\000o\000f\000\040\000T\000h\000e\000s\000i\000s\000\040\000A\000c\000h\000i\000e\000v\000e\000m\000e\000n\000t\000s}{chapter.5}% 153
\BOOKMARK [2][-]{subsection.5.1.1}{\376\377\000K\000e\000y\000\040\000T\000e\000c\000h\000n\000i\000c\000a\000l\000\040\000C\000o\000n\000t\000r\000i\000b\000u\000t\000i\000o\000n\000s}{section.5.1}% 154
\BOOKMARK [1][-]{section.5.2}{\376\377\000P\000r\000a\000c\000t\000i\000c\000a\000l\000\040\000I\000m\000p\000a\000c\000t\000\040\000a\000n\000d\000\040\000P\000o\000s\000s\000i\000b\000l\000e\000\040\000B\000e\000n\000e\000f\000i\000c\000i\000a\000r\000i\000e\000s}{chapter.5}% 155
\BOOKMARK [1][-]{section.5.3}{\376\377\000L\000i\000m\000i\000t\000a\000t\000i\000o\000n\000s\000\040\000a\000n\000d\000\040\000B\000o\000u\000n\000d\000a\000r\000i\000e\000s}{chapter.5}% 156
\BOOKMARK [1][-]{section.5.4}{\376\377\000F\000u\000t\000u\000r\000e\000\040\000R\000e\000s\000e\000a\000r\000c\000h\000\040\000D\000i\000r\000e\000c\000t\000i\000o\000n\000s}{chapter.5}% 157
\BOOKMARK [2][-]{subsection.5.4.1}{\376\377\000T\000e\000m\000p\000o\000r\000a\000l\000\040\000C\000o\000n\000s\000i\000s\000t\000e\000n\000c\000y\000\040\000i\000n\000\040\000V\000i\000d\000e\000o\000\040\000F\000o\000r\000e\000n\000s\000i\000c\000s}{section.5.4}% 158
\BOOKMARK [2][-]{subsection.5.4.2}{\376\377\000D\000i\000f\000f\000u\000s\000i\000o\000n\000-\000B\000a\000s\000e\000d\000\040\000G\000e\000n\000e\000r\000a\000t\000i\000v\000e\000\040\000A\000n\000c\000h\000o\000r\000i\000n\000g}{section.5.4}% 159
\BOOKMARK [2][-]{subsection.5.4.3}{\376\377\000P\000r\000i\000v\000a\000c\000y\000-\000P\000r\000e\000s\000e\000r\000v\000i\000n\000g\000\040\000F\000e\000d\000e\000r\000a\000t\000e\000d\000\040\000L\000e\000a\000r\000n\000i\000n\000g}{section.5.4}% 160
\BOOKMARK [1][-]{section.5.5}{\376\377\000F\000i\000n\000a\000l\000\040\000C\000o\000n\000c\000l\000u\000d\000i\000n\000g\000\040\000R\000e\000m\000a\000r\000k\000s}{chapter.5}% 161
\BOOKMARK [0][-]{chapter.6}{\376\377\000C\000O\000R\000E\000\040\000C\000O\000M\000P\000U\000T\000A\000T\000I\000O\000N\000A\000L\000\040\000A\000L\000G\000O\000R\000I\000T\000H\000M\000S}{}% 162
\BOOKMARK [1][-]{section.6.1}{\376\377\000C\000o\000r\000e\000\040\000A\000l\000g\000o\000r\000i\000t\000h\000m\000s}{chapter.6}% 163
\BOOKMARK [2][-]{subsection.6.1.1}{\376\377\000C\000o\000m\000p\000u\000t\000a\000t\000i\000o\000n\000a\000l\000\040\000A\000n\000a\000l\000y\000s\000i\000s\000\040\000o\000f\000\040\000R\000e\000s\000t\000o\000r\000a\000t\000i\000o\000n\000\040\000A\000l\000g\000o\000r\000i\000t\000h\000m\000s}{section.6.1}% 164
\BOOKMARK [0][-]{chapter.7}{\376\377\000E\000X\000T\000E\000N\000D\000E\000D\000\040\000M\000A\000T\000H\000E\000M\000A\000T\000I\000C\000A\000L\000\040\000P\000R\000O\000O\000F\000S}{}% 165
\BOOKMARK [1][-]{section.7.1}{\376\377\000L\000o\000c\000a\000l\000i\000t\000y\000\040\000C\000o\000n\000s\000t\000r\000a\000i\000n\000e\000d\000\040\000R\000e\000p\000r\000e\000s\000e\000n\000t\000a\000t\000i\000o\000n\000\040\000\050\000L\000C\000R\000\051\000\040\000C\000l\000o\000s\000e\000d\000-\000F\000o\000r\000m\000\040\000D\000e\000r\000i\000v\000a\000t\000i\000o\000n}{chapter.7}% 166
\BOOKMARK [0][-]{chapter.8}{\376\377\000G\000L\000O\000S\000S\000A\000R\000Y\000\040\000O\000F\000\040\000T\000E\000C\000H\000N\000I\000C\000A\000L\000\040\000T\000E\000R\000M\000S}{}% 167
\BOOKMARK [0][-]{chapter.9}{\376\377\000L\000I\000S\000T\000\040\000O\000F\000\040\000P\000U\000B\000L\000I\000C\000A\000T\000I\000O\000N\000S\000\040\000A\000N\000D\000\040\000M\000A\000N\000U\000S\000C\000R\000I\000P\000T\000S}{}% 168
\BOOKMARK [0][-]{chapter.10}{\376\377\000R\000E\000S\000E\000A\000R\000C\000H\000\040\000A\000R\000T\000I\000F\000A\000C\000T\000S\000\040\000R\000E\000P\000O\000S\000I\000T\000O\000R\000Y}{}% 169
\BOOKMARK [1][-]{section.10.1}{\376\377\000W\000a\000v\000e\000l\000e\000t\000-\000F\000r\000e\000q\000u\000e\000n\000c\000y\000\040\000F\000u\000s\000i\000o\000n\000\040\000L\000o\000g\000i\000c}{chapter.10}% 170
\BOOKMARK [0][-]{chapter.11}{\376\377\000F\000O\000R\000E\000N\000S\000I\000C\000\040\000D\000E\000P\000L\000O\000Y\000M\000E\000N\000T\000\040\000F\000L\000O\000W\000C\000H\000A\000R\000T\000S}{}% 171
